DECL|surface|LerayHopf.Scratch195.AubinLionsPackageKappa|inductive|007c0f3f5e8ba9069b7df1174b627324254addf088296800b47da00d4310036a|propext,Classical.choice,Quot.sound
DECL|internal|LerayHopf.Scratch195.AubinLionsPackageKappa._sizeOf_1|def|7a4b79e294a453b17be0eae20acb52a84d615d6c4d43314168ec9cb161d278c9|propext,Classical.choice,Quot.sound
DECL|internal|LerayHopf.Scratch195.AubinLionsPackageKappa._sizeOf_inst|def|4429cf5fffa58b38692cda0eb8822186a9533b00d04f3dee4a30ae139e9b5433|propext,Classical.choice,Quot.sound
DECL|child|LerayHopf.Scratch195.AubinLionsPackageKappa.casesOn|def|a1a619e9a49cd343b6700e929790bf982d64e6a562a875eafa5d6924fa6a904e|propext,Classical.choice,Quot.sound
DECL|child|LerayHopf.Scratch195.AubinLionsPackageKappa.ctorIdx|def|882c205cc721644455d7760ecd381b1fa2ab19734e5f2f0088b774418df60e01|propext,Classical.choice,Quot.sound
DECL|surface|LerayHopf.Scratch195.AubinLionsPackageKappa.effective_strictMono|theorem|4816dc1005e9ca5c44c759b48aaa1f6c2160a60d188cbd0b5cc1952a69468910|propext,Classical.choice,Quot.sound
DECL|surface|LerayHopf.Scratch195.AubinLionsPackageKappa.effective_tendsto_atTop|theorem|b3ba1339693f3d51f6a8dd40edc4d6fc63d17dd6a6a08c4f9353fc1f2fae064d|propext,Classical.choice,Quot.sound
DECL|surface|LerayHopf.Scratch195.AubinLionsPackageKappa.extract|def|3e1c43f0020cca417eca3dee78eaa21679ff11e4ca6b68ac14e8c9374f9a42ac|propext,Classical.choice,Quot.sound
DECL|internal|LerayHopf.Scratch195.AubinLionsPackageKappa.extract._proof_1|theorem|505a54030962f64a93c9cdd824bf3229fb24886370fb56e7bf0489bcaf07a478|propext,Classical.choice,Quot.sound
DECL|internal|LerayHopf.Scratch195.AubinLionsPackageKappa.extract._proof_2|theorem|fedc8c0128549c08a0d544e6e915a21f7073119804a44b65a9ad16012a2abb24|propext,Classical.choice,Quot.sound
DECL|surface|LerayHopf.Scratch195.AubinLionsPackageKappa.extract_effective_strictMono|theorem|f2fad86c2989c793a3f501f52ddb8b53349b4213e2bc684489ca788b4a949a22|propext,Classical.choice,Quot.sound
DECL|surface|LerayHopf.Scratch195.AubinLionsPackageKappa.extract_φ|theorem|d07cdf5dcaee1bfaca68bdfbf4bf40e187565551c718fd5e71102cf0970ddfed|propext,Classical.choice,Quot.sound
DECL|child|LerayHopf.Scratch195.AubinLionsPackageKappa.mk|ctor|6bc21a5454d43685167ce317209cd1511ced01159ca618cf8801b142dacd35a0|propext,Classical.choice,Quot.sound
DECL|internal|LerayHopf.Scratch195.AubinLionsPackageKappa.mk._flat_ctor|def|6bc21a5454d43685167ce317209cd1511ced01159ca618cf8801b142dacd35a0|propext,Classical.choice,Quot.sound
DECL|child|LerayHopf.Scratch195.AubinLionsPackageKappa.mk.inj|theorem|201eaec4b99860747401ca4fbbd026aaa3e5691abacca62ee5b63971bb6182ad|propext,Classical.choice,Quot.sound
DECL|child|LerayHopf.Scratch195.AubinLionsPackageKappa.mk.injEq|theorem|6000185d7a17d7058d3f274f3506fab35e4fdf37ff632f5555e47157ae0b2a27|propext,Classical.choice,Quot.sound
DECL|child|LerayHopf.Scratch195.AubinLionsPackageKappa.mk.noConfusion|def|92e0be1b7a942f2b9e2eba70f96b4f557b76985ab8c77dce62d18befdb067bdf|propext,Classical.choice,Quot.sound
DECL|child|LerayHopf.Scratch195.AubinLionsPackageKappa.mk.sizeOf_spec|theorem|4e3243ae678ddaea6200d65856a586c882c18503c634eebb5810aaf1e2da94e5|propext,Classical.choice,Quot.sound
DECL|child|LerayHopf.Scratch195.AubinLionsPackageKappa.noConfusion|def|c583b9cc5609d11fd09b59ba4cd3465d8f134369d89f73f79cf3e94f2e16ee5c|propext,Classical.choice,Quot.sound
DECL|child|LerayHopf.Scratch195.AubinLionsPackageKappa.noConfusionType|def|0f7d66aeeebc08e04fc4378ea504fd8878af0702762aa2ee18e2cefbf3c63b2a|propext,Classical.choice,Quot.sound
DECL|surface|LerayHopf.Scratch195.AubinLionsPackageKappa.ofId|def|2feeeb6ac25d5a96c5df1db8bb044d6ebb1918791da7f6521e4d5930b2cb988c|propext,Classical.choice,Quot.sound
DECL|internal|LerayHopf.Scratch195.AubinLionsPackageKappa.ofId._proof_1|theorem|e0750f1235f44cd284dadea0813af253beba4df12272f25ff3bed01dce97a6de|propext,Classical.choice,Quot.sound
DECL|internal|LerayHopf.Scratch195.AubinLionsPackageKappa.ofId._proof_2|theorem|6490cf370cb98b36dde18e0bdbbd99d0bd233cf79efd9baa8b2d6bdb5fbe16b8|propext,Classical.choice,Quot.sound
DECL|internal|LerayHopf.Scratch195.AubinLionsPackageKappa.ofId._proof_3|theorem|d65fa9dd03b1e727fc6ed91f349ef09077e2167bd2f7fbef350fa5c589fd652f|propext,Classical.choice,Quot.sound
DECL|internal|LerayHopf.Scratch195.AubinLionsPackageKappa.ofId._proof_4|theorem|dcb23c7d6368ab067faefccc44b744898542eaf69f566c07dda398546807f44e|propext,Classical.choice,Quot.sound
DECL|internal|LerayHopf.Scratch195.AubinLionsPackageKappa.ofId._proof_5|theorem|b957c97ebfaeea819d02eac88413545506afcc0562b457c557a9a222eb8de26f|propext
DECL|internal|LerayHopf.Scratch195.AubinLionsPackageKappa.ofId._proof_6|theorem|057c10df3b8e1219fa6bb7edf75cc911c8913fd80f009ca0a6b34aee12562241|propext,Classical.choice,Quot.sound
DECL|internal|LerayHopf.Scratch195.AubinLionsPackageKappa.ofId._proof_7|theorem|6aba851b6b69117a9e2d9b59da1fbfd5b45234c683043f8ff714bad2f355bd43|propext,Classical.choice,Quot.sound
DECL|child|LerayHopf.Scratch195.AubinLionsPackageKappa.rec|recursor|a46e5faf090dc319a7c07845cd6bc8b763c768918993a093f3ec78085ab44fbf|propext,Classical.choice,Quot.sound
DECL|child|LerayHopf.Scratch195.AubinLionsPackageKappa.recOn|def|a1a619e9a49cd343b6700e929790bf982d64e6a562a875eafa5d6924fa6a904e|propext,Classical.choice,Quot.sound
DECL|child|LerayHopf.Scratch195.AubinLionsPackageKappa.strong_convergence|theorem|660049fdbf60ff18b36a6c820990b337ebf7bc7827f3275101faa40aa63c8edf|propext,Classical.choice,Quot.sound
DECL|child|LerayHopf.Scratch195.AubinLionsPackageKappa.u|def|922a3d148aa1cedce84fd6e9a6b42cd0643fd64a3a9a8acbc3229fd56078918d|propext,Classical.choice,Quot.sound
DECL|child|LerayHopf.Scratch195.AubinLionsPackageKappa.u_aestronglyMeasurable|theorem|6e14d943dfa07d17cb21ebf8cd4897bfc18c05b6aa992a3d41df70fc5a8e1b7e|propext,Classical.choice,Quot.sound
DECL|child|LerayHopf.Scratch195.AubinLionsPackageKappa.φ|def|4983d32645a83637d3f432bf68cbf22e2fffc9f4927326ad034a45ee8c83e666|propext,Classical.choice,Quot.sound
DECL|child|LerayHopf.Scratch195.AubinLionsPackageKappa.φ_mono|theorem|5a498edcae8ee60e826ed543d764383a5ae8e05dfdd1f0d46f85c8ee1e80a408|propext,Classical.choice,Quot.sound
DECL|surface|LerayHopf.Scratch195.exists_galerkin_modewise_extraction_kappa|theorem|0a58d64714aba3f28927e6b4a7fdf5d8beb178b9739aea468d4b65742aa4c5dd|propext,Classical.choice,Quot.sound
DECL|surface|LerayHopf.Scratch195.exists_galerkin_modewise_extraction_of_reindexed|theorem|bbf944411b3376c9ce5d3bb6813f3b1851a662a275af7cc6d3599345532189ee|propext,Classical.choice,Quot.sound
DECL|surface|LerayHopf.Scratch195.extendReindexedFamily|def|d00fd3173d2f2d07235e5a45f9ee9857acfa02cb83a144e5a76de61d3488cc0c|propext,Classical.choice,Quot.sound
DECL|internal|LerayHopf.Scratch195.extendReindexedFamily._proof_1|theorem|502376250bf1a6ec4839804ec3c39957323b8e0aec1933a6a7c8b8478814d1b7|Classical.choice
DECL|internal|LerayHopf.Scratch195.extendReindexedFamily.eq_1|theorem|b737ed769333bfdb50410cc3a7a618b5353294d7b496958763c5b25d766458e7|propext,Classical.choice,Quot.sound
DECL|surface|LerayHopf.Scratch195.extendReindexedFamily_apply|theorem|b4d172db08c159306c09fbb3070c33ec9ef0c63f9bbfc243308fb9de15b8a4bd|propext,Classical.choice,Quot.sound
DECL|surface|LerayHopf.Scratch195.reindexed_family_second_extraction|theorem|f98afb53fc6384aa4424b0aa3b2c490dc80272d5ec6b3cbd28d1cf8e47592455|propext,Classical.choice,Quot.sound
DECL|child|LerayHopf.galSeq_of_torus.congr_simp|theorem|223e50ffc06602426a8b4e7d2131d5bdf98bb12484f22e30d2393be6c704f33c|propext,Classical.choice,Quot.sound
DECL|internal|LerayHopf.Scratch195.AubinLionsPackageKappa.extract._boxed|codegen|-|-
DECL|internal|LerayHopf.Scratch195.AubinLionsPackageKappa.extract._redArg|codegen|-|-
DECL|internal|LerayHopf.Scratch195.AubinLionsPackageKappa.extract._redArg._lam_0|codegen|-|-
DECL|internal|LerayHopf.Scratch195.AubinLionsPackageKappa.ofId._boxed|codegen|-|-
DECL|internal|LerayHopf.Scratch195.AubinLionsPackageKappa.ofId._redArg|codegen|-|-
DECL|surface|LerayHopf.Scratch195.P2ExitWitness|inductive|8f6740d537cbb8975eb638c412476d28232ef56c33673b737348081aff6bca68|propext,Classical.choice,Quot.sound
DECL|internal|LerayHopf.Scratch195.P2ExitWitness._sizeOf_1|def|57dc68954272742bb7778528f9b371f633cd76e207287d9c4e413f48a60e1eac|propext,Classical.choice,Quot.sound
DECL|internal|LerayHopf.Scratch195.P2ExitWitness._sizeOf_inst|def|cce59352e21671e30d61a699711e9e63e695501e80d5bf2bcb4fc6e758e22e77|propext,Classical.choice,Quot.sound
DECL|child|LerayHopf.Scratch195.P2ExitWitness.alPkg|def|cf84109c230fb0ab240957a4990b105ef4273507a13cdaf54aa1fa7c938f6193|propext,Classical.choice,Quot.sound
DECL|child|LerayHopf.Scratch195.P2ExitWitness.base|def|8c51b54dc95ccc349f49ab0a9084b60109b3240d44085177532e8b486caaf8f9|propext,Classical.choice,Quot.sound
DECL|child|LerayHopf.Scratch195.P2ExitWitness.casesOn|def|1cd6c8887b2be819a57d68695cf50a367ef2ead60d89962786507630b461f120|propext,Classical.choice,Quot.sound
DECL|child|LerayHopf.Scratch195.P2ExitWitness.ctorIdx|def|de4b554b23d81195eca759dc722fed564df9a9537218f6bf48ff6c36293847e3|propext,Classical.choice,Quot.sound
DECL|surface|LerayHopf.Scratch195.P2ExitWitness.effective_strictMono|theorem|4ffd0a3b0da185feb266db99bd14134cb009b8854d4cf8bb24430b33351d97d4|propext,Classical.choice,Quot.sound
DECL|child|LerayHopf.Scratch195.P2ExitWitness.energy_class_pkg|theorem|d99ab64b7bb9771a8de5b6a8970a0609ae121acbb572984e817ba13cd5d546a3|propext,Classical.choice,Quot.sound
DECL|child|LerayHopf.Scratch195.P2ExitWitness.energy_class_v|theorem|671b86c05c40c2aaa8769d4231e67598b1be83d5b5d8ce093e1b994f8d90ea8f|propext,Classical.choice,Quot.sound
DECL|child|LerayHopf.Scratch195.P2ExitWitness.energy_ineq|theorem|79a7d1c2973fb59432d459a05f057fa697f42cbcee338bd131b9ef85b168d88f|propext,Classical.choice,Quot.sound
DECL|child|LerayHopf.Scratch195.P2ExitWitness.initial_trace|theorem|6363ebdf7de2e5d4743120fd89a21c0430b8292379d735cac37fd89e5b52fc62|propext,Classical.choice,Quot.sound
DECL|child|LerayHopf.Scratch195.P2ExitWitness.mk|ctor|cbd8275b6f2351e4d27a53e766f6e355b3565a06fc43c809110211c7c4a38c80|propext,Classical.choice,Quot.sound
DECL|internal|LerayHopf.Scratch195.P2ExitWitness.mk._flat_ctor|def|cbd8275b6f2351e4d27a53e766f6e355b3565a06fc43c809110211c7c4a38c80|propext,Classical.choice,Quot.sound
DECL|child|LerayHopf.Scratch195.P2ExitWitness.mk.inj|theorem|e8fe89c233a52634abcd1c8e780041e6c6e673bc7ec6a9631a40bf48930a1fa3|propext,Classical.choice,Quot.sound
DECL|child|LerayHopf.Scratch195.P2ExitWitness.mk.injEq|theorem|a5bcdee5ae05f5f79a13a011537effab1ca7b55b865a2b4ac09a6fb2b8b21786|propext,Classical.choice,Quot.sound
DECL|child|LerayHopf.Scratch195.P2ExitWitness.mk.noConfusion|def|a396447474df317b32a4e1c023eab53c93077086f457449b7cbe5ddb16009321|propext,Classical.choice,Quot.sound
DECL|child|LerayHopf.Scratch195.P2ExitWitness.mk.sizeOf_spec|theorem|09b353ae6c87229a344a16c640222ac255d4c58d7fe84b45f816d401d2bb5901|propext,Classical.choice,Quot.sound
DECL|child|LerayHopf.Scratch195.P2ExitWitness.noConfusion|def|bf9a3e36c479a8a0f5f624db2b3b5d9af08a7357f77d087858222055a90991e4|propext,Classical.choice,Quot.sound
DECL|child|LerayHopf.Scratch195.P2ExitWitness.noConfusionType|def|880d4fe28b480c24dab03312f209fcfa8e9e834248ef8f543cd2b8adb2836005|propext,Classical.choice,Quot.sound
DECL|child|LerayHopf.Scratch195.P2ExitWitness.pin|theorem|1443a59353b236c3d3defa2ac2a1d7233a1e87aa19c0e8d233aa99f854caa7ce|propext,Classical.choice,Quot.sound
DECL|surface|LerayHopf.Scratch195.P2ExitWitness.pin_base|theorem|cad2a89a0d8fcdd99cc2b2bb21bf79f735a4f3c3384ae8b6ae4b6a7d176e5ef2|propext,Classical.choice,Quot.sound
DECL|child|LerayHopf.Scratch195.P2ExitWitness.rec|recursor|e546dcd82e224958fc6574f39db4647df3c593d4205c1e806ce2393c5199b355|propext,Classical.choice,Quot.sound
DECL|child|LerayHopf.Scratch195.P2ExitWitness.recOn|def|1cd6c8887b2be819a57d68695cf50a367ef2ead60d89962786507630b461f120|propext,Classical.choice,Quot.sound
DECL|child|LerayHopf.Scratch195.P2ExitWitness.transport|theorem|6550fef8c9b8722572fd73256fc8df5f3f69ab14f4945ce0d4b16f3c6eed9ec6|propext,Classical.choice,Quot.sound
DECL|child|LerayHopf.Scratch195.P2ExitWitness.v|def|16ce5cc61395c396bfafe3a5c5c6e205a7e0a08b249ad315ceecc187fe8be8a9|propext,Classical.choice,Quot.sound
DECL|child|LerayHopf.Scratch195.P2ExitWitness.v_ae|theorem|8c87884fb5787d68d14a54f28f42d3c606e44328a09cbd2cbb48c1ee735ca407|propext,Classical.choice,Quot.sound
DECL|surface|LerayHopf.Scratch195.P2ExitWitness.v_aestronglyMeasurable|theorem|0913b25921cad60ced28dd6b9c39d59d95e53a7fa8890d1bb35270f692f25783|propext,Classical.choice,Quot.sound
DECL|child|LerayHopf.Scratch195.P2ExitWitness.weak_eq|theorem|80df3eaf7f496ba74959b6ab6adcd4b382c71b132b104775699132f6a4bf3ded|propext,Classical.choice,Quot.sound
DECL|child|LerayHopf.Scratch195.P2ExitWitness.ρ|def|840bd955e4297f3eb122cebad00f1e3b31ef56d839f69150acaff73195b9dfd1|propext,Classical.choice,Quot.sound
DECL|child|LerayHopf.Scratch195.P2ExitWitness.ρ_mono|theorem|6ece22cdbe5e2098a4e886bf92b1ac8fbea02b46c10522260a8c43ad18cdc93b|propext,Classical.choice,Quot.sound
DECL|surface|LerayHopf.Scratch212.packageShape_effective_le_apply|theorem|44bff1d7b3d7cc200d7ca85d521c141c613c956060ce88ea29387d287405267c|propext,Classical.choice,Quot.sound
DECL|surface|LerayHopf.Scratch212.packageShape_effective_strictMono|theorem|69162b2562f815110b2689beeec6fb2377de693d339ae659330c900226ed57f0|propext,Classical.choice,Quot.sound
DECL|surface|LerayHopf.Scratch212.packageShape_strong_convergence_effective|theorem|9739f1eff958a26f8629ea42607053287d778cdc042ee731c2626a58b8842149|propext,Classical.choice,Quot.sound
DECL|surface|LerayHopf.Scratch212.witnessShape_pin_dependent_family|theorem|4f757eff1ef6e21189b3703818d34807654bd097596bbf97da883b1fb0a0d6e2|propext,Classical.choice,Quot.sound
DECL|surface|LerayHopf.Scratch212.R3KappaChainExitWitness.alPkg_convergence_dependent_family|theorem|ac512cc19404ca3d7da23c534d7e4dc44c526feacddb8e7228389e5fda687ae5|propext,Classical.choice,Quot.sound
DECL|surface|LerayHopf.Scratch212.R3KappaChainExitWitness.effective_strictMono|theorem|455aefa11b5d87d6e272c1584a5269bf6becdd43282a3f7609b5de72ba4d8512|propext,Classical.choice,Quot.sound
DECL|surface|LerayHopf.Scratch212.R3KappaChainExitWitness.pin_base|theorem|5c745a82f048da216b6c7c45a8f65fda6fa719d939debe9bfe0c996cd2950878|propext,Classical.choice,Quot.sound
DECL|surface|LerayHopf.Scratch212.R3LimitPassagePinConjunct|def|21101e818953d1c94e080e110fb0d3048363a6635a120e1148f62c75b79d8949|propext,Classical.choice,Quot.sound
DECL|internal|LerayHopf.Scratch212.R3LimitPassagePinConjunct._proof_1|theorem|499dbce06db51729b798835c9a8b45771d38438e9f18d68025ffe7e96c5f5b25|propext,Classical.choice,Quot.sound
DECL|internal|LerayHopf.Scratch212.R3LimitPassagePinConjunct._proof_2|theorem|1a56bebc8d2f8b3deb225fdeb73ee29be19d6adc5d201bddc409d3d7b5e756f9|propext,Classical.choice,Quot.sound
DECL|internal|LerayHopf.Scratch212.R3LimitPassagePinConjunct._proof_3|theorem|a8e7a3682d74cf87e1f99211eb6e2e5011d07ee6c32a5f6a514fe90d90a3cb75|propext,Classical.choice,Quot.sound
DECL|internal|LerayHopf.Scratch212.R3LimitPassagePinConjunct._proof_4|theorem|da433e23daa5a43a7bbba6dd86530f25ae5df05e07411fc2ab73e55797312186|propext,Classical.choice,Quot.sound
DECL|internal|LerayHopf.Scratch212.R3LimitPassagePinConjunct._proof_5|theorem|d65fa9dd03b1e727fc6ed91f349ef09077e2167bd2f7fbef350fa5c589fd652f|propext,Classical.choice,Quot.sound
DECL|surface|LerayHopf.Scratch212.R3StrengthenedLimitPassageConclusion|def|a75526e9c50c551b5ce81967bc01ded2d8be9f4c618e7802d1af5f0b07034172|propext,Classical.choice,Quot.sound
DECL|internal|LerayHopf.Scratch212.R3StrengthenedLimitPassageConclusion._proof_1|theorem|c70d54f9672d7b0f119b0cd9d181774d8447524cb9602a64bc547cf085f20862|propext,Classical.choice,Quot.sound
DECL|internal|LerayHopf.Scratch212.R3StrengthenedLimitPassageConclusion._proof_2|theorem|b957c97ebfaeea819d02eac88413545506afcc0562b457c557a9a222eb8de26f|propext
DECL|surface|LerayHopf.Scratch212.r3KappaSuccSmoke_categoryIII_effectiveBound|theorem|b8851897039d7be92d25fdb8df98843ab21ea7eefcdf18aadbd02b635261180f|propext,Classical.choice,Quot.sound
DECL|surface|LerayHopf.Scratch212.r3KappaSuccSmoke_pin_base_succ|theorem|f0314461a624c77d2c25eb9362dd4e416ab930351116c2a66c47fb09c96462e0|propext,Classical.choice,Quot.sound
DECL|surface|LerayHopf.Scratch212.r3LimitPassagePinShape_effective|theorem|beb254aa42552d027e1395ce8b6ce4186e39049fc84ebb7002f37fd2e600f1d2|propext,Classical.choice,Quot.sound
DECL|surface|LerayHopf.Scratch212.r3PackageShape_effective_le_apply|theorem|df644dd17c5b39b593c9a240dc97ca1f5d77de68069ef6c92e383413085237b3|propext,Classical.choice,Quot.sound
DECL|surface|LerayHopf.Scratch212.r3PackageShape_strong_convergence_ae_effective|theorem|1d196278fca6fd6b8405edf0cef8ee5ab2bc4f8043d95bccf1c90decde3396ad|propext,Classical.choice,Quot.sound
DECL|surface|LerayHopf.Scratch212.r3PackageShape_strong_convergence_effective|theorem|aa304256de03a6afac774a8cb7c3eda5b90aa293b40788d7c77b5883c64a76ca|propext,Classical.choice,Quot.sound
DECL|surface|LerayHopf.Scratch212.r3PackageShape_u_aestronglyMeasurable|theorem|5aae2f26118b9365e3af52b3c2a9f39bb4cb24f5d202c44e6b40374b1f66c6e9|propext,Classical.choice,Quot.sound
DECL|surface|LerayHopf.Scratch212.r3StrengthenedConclusion_projects_pin|theorem|b8cf5473c818f3d7ec1208cb396fb5a2d137fe3c561403ed54bad34141e60b3f|propext,Classical.choice,Quot.sound
DECL|surface|LerayHopf.Scratch212.r3WitnessShape_alPkg_effective_convergence|theorem|e21b08af1037a205675fed4357f0356d771cdde2a0f12df5df94940d109262dd|propext,Classical.choice,Quot.sound
DECL|surface|LerayHopf.Scratch212.r3WitnessShape_pin_dependent_family|theorem|e8e10deaabb42fdbc6b5d7665133dd6546284ff813017053bb4fcc465d488a87|propext,Classical.choice,Quot.sound
DECL|surface|LerayHopf.Scratch212.r3WitnessShape_transport|theorem|7948cb2a4df55213a18f1e7d3a482f5b0614e17231186412ac0666fa9335dc0c|propext,Classical.choice,Quot.sound
DECL|surface|LerayHopf.Scratch212.L2Sigma_R3_eq_of_forall_inner|theorem|a4b6b7a7d4a58ace2bd1322e29a40e52f5f2ab268e781b8d59d86997d3360bf3|propext,Classical.choice,Quot.sound
DECL|surface|LerayHopf.Scratch212.r3_representative_diag_coherence|theorem|93d561b480b71056c4982b84bef471e568d813232fc35ebb7447fd9fde3df000|propext,Classical.choice,Quot.sound
DECL|surface|LerayHopf.Scratch212.r3_representatives_agree_on_overlap|theorem|c72666632b5fbd014e84fc6a7f307843234b3e5a299e74ac7f52251cf30c7fcf|propext,Classical.choice,Quot.sound
DECL|surface|LerayHopf.Scratch212.diag_ae_subseq_seeded|theorem|e5b495bf76b6cf1e34d990eaeb4cec1a97bb8f7394ef1fee0100a7579c9bbfa4|propext,Classical.choice,Quot.sound
DECL|internal|LerayHopf.Scratch212.diag_ae_subseq_seeded._proof_1_1|theorem|0bad714b80961dded914ba68f6db3c62c2e7641d2ef53609bbe205c4d9d10d50|propext,Quot.sound
DECL|internal|LerayHopf.Scratch212.diag_ae_subseq_seeded._proof_1_2|theorem|4f6126a5709a95672d2524f69ca4a083a2f82c13f566f13e05fb0c3175927d47|propext,Classical.choice,Quot.sound
DECL|internal|LerayHopf.Scratch212.diag_ae_subseq_seeded._proof_1_3|theorem|4af1753a13da10ef46c4baa03288b8a1c9c58e02dc3eba1c0e2ce8c1138c2717|propext,Quot.sound
DECL|surface|LerayHopf.Scratch212.spacetime_extraction_seeded|theorem|9c16ed86c052d7159a5f3a50bb11105d7ceafeee75b4a050442f66602723afca|propext,Classical.choice,Quot.sound
DECL|surface|LerayHopf.Scratch212.diag_ae_subseq_seeded_id_recovers_production|theorem|3b6a17a726ba8d45d7ea58af513c0432ff4554951374fac124c3382f628e5b48|propext,Classical.choice,Quot.sound
DECL|surface|LerayHopf.Scratch212.r3LimitPassage_strengthened_production_coupling|theorem|14fd1e1a602166a82358f1938aaffab0f92e44e7032ee0d31a6f3420319d4a06|propext,Classical.choice,Quot.sound
DECL|surface|LerayHopf.Scratch212.r3Production_diag_ae_subseq_exact_shape|theorem|3b6a17a726ba8d45d7ea58af513c0432ff4554951374fac124c3382f628e5b48|propext,Classical.choice,Quot.sound
DECL|surface|LerayHopf.Scratch212.r3Production_diag_ae_subseq_kappa_coupling|theorem|e5b495bf76b6cf1e34d990eaeb4cec1a97bb8f7394ef1fee0100a7579c9bbfa4|propext,Classical.choice,Quot.sound
DECL|surface|LerayHopf.Scratch212.r3Production_galerkinSpaceTimeExtraction_exact_shape|theorem|7a719daa607eb81ef7a0ff3c7e64b2e15647276b1779bdd86d0afab76d729518|propext,Classical.choice,Quot.sound
DECL|surface|LerayHopf.Scratch212.r3Production_spacetime_extraction_kappa_coupling|theorem|92e4d05d3c72e2a78e75b14e9179527d3817a902fddd7aefedc4f5e75c6e4b6e|propext,Classical.choice,Quot.sound
DECL|surface|LerayHopf.Scratch212.r3Production_u_lim_aestronglyMeasurable_exact_shape|theorem|7a719daa607eb81ef7a0ff3c7e64b2e15647276b1779bdd86d0afab76d729518|propext,Classical.choice,Quot.sound
DECL|surface|LerayHopf.Scratch212.spacetime_extraction_seeded_id_recovers_production|theorem|4982237b69c324aa5c5857b0fab2714179eb7fc56d16fdaa606e59aead638ea2|propext,Classical.choice,Quot.sound
DEPGUARD|LerayHopf.Scratch212.r3LimitPassage_strengthened_production_coupling|LerayHopf.galerkin_limit_passage_R3|head
DEPGUARD|LerayHopf.Scratch212.r3Production_diag_ae_subseq_exact_shape|LerayHopf.diag_ae_subseq|head
DEPGUARD|LerayHopf.Scratch212.r3Production_u_lim_aestronglyMeasurable_exact_shape|LerayHopf.u_lim_aestronglyMeasurable|head
DEPGUARD|LerayHopf.Scratch212.r3Production_galerkinSpaceTimeExtraction_exact_shape|LerayHopf.galerkinSpaceTimeExtraction_R3|head
DEPGUARD|LerayHopf.Scratch212.diag_ae_subseq_seeded_id_recovers_production|LerayHopf.Scratch212.diag_ae_subseq_seeded|head
DEPGUARD|LerayHopf.Scratch212.spacetime_extraction_seeded_id_recovers_production|LerayHopf.Scratch212.spacetime_extraction_seeded|head
DEPGUARD|LerayHopf.Scratch212.r3Production_diag_ae_subseq_kappa_coupling|LerayHopf.diag_ae_subseq|head
DEPGUARD|LerayHopf.Scratch212.r3Production_spacetime_extraction_kappa_coupling|LerayHopf.galerkinSpaceTimeExtraction_R3|head
