DECL|surface|LerayHopf.Scratch195.AubinLionsPackageKappa|inductive|007c0f3f5e8ba9069b7df1174b627324254addf088296800b47da00d4310036a|propext,Classical.choice,Quot.sound
DECL|internal|LerayHopf.Scratch195.AubinLionsPackageKappa._sizeOf_1|def|7a4b79e294a453b17be0eae20acb52a84d615d6c4d43314168ec9cb161d278c9|propext,Classical.choice,Quot.sound
DECL|internal|LerayHopf.Scratch195.AubinLionsPackageKappa._sizeOf_inst|def|4429cf5fffa58b38692cda0eb8822186a9533b00d04f3dee4a30ae139e9b5433|propext,Classical.choice,Quot.sound
DECL|child|LerayHopf.Scratch195.AubinLionsPackageKappa.casesOn|def|a1a619e9a49cd343b6700e929790bf982d64e6a562a875eafa5d6924fa6a904e|propext,Classical.choice,Quot.sound
DECL|child|LerayHopf.Scratch195.AubinLionsPackageKappa.ctorIdx|def|882c205cc721644455d7760ecd381b1fa2ab19734e5f2f0088b774418df60e01|propext,Classical.choice,Quot.sound
DECL|surface|LerayHopf.Scratch195.AubinLionsPackageKappa.effective_strictMono|theorem|4816dc1005e9ca5c44c759b48aaa1f6c2160a60d188cbd0b5cc1952a69468910|propext,Classical.choice,Quot.sound
DECL|surface|LerayHopf.Scratch195.AubinLionsPackageKappa.effective_tendsto_atTop|theorem|b3ba1339693f3d51f6a8dd40edc4d6fc63d17dd6a6a08c4f9353fc1f2fae064d|propext,Classical.choice,Quot.sound
DECL|surface|LerayHopf.Scratch195.AubinLionsPackageKappa.extract|def|3e1c43f0020cca417eca3dee78eaa21679ff11e4ca6b68ac14e8c9374f9a42ac|propext,Classical.choice,Quot.sound
DECL|internal|LerayHopf.Scratch195.AubinLionsPackageKappa.extract._proof_1|theorem|505a54030962f64a93c9cdd824bf3229fb24886370fb56e7bf0489bcaf07a478|propext,Classical.choice,Quot.sound
DECL|internal|LerayHopf.Scratch195.AubinLionsPackageKappa.extract._proof_2|theorem|fedc8c0128549c08a0d544e6e915a21f7073119804a44b65a9ad16012a2abb24|propext,Classical.choice,Quot.sound
DECL|surface|LerayHopf.Scratch195.AubinLionsPackageKappa.extract_effective_strictMono|theorem|f2fad86c2989c793a3f501f52ddb8b53349b4213e2bc684489ca788b4a949a22|propext,Classical.choice,Quot.sound
DECL|surface|LerayHopf.Scratch195.AubinLionsPackageKappa.extract_φ|theorem|d07cdf5dcaee1bfaca68bdfbf4bf40e187565551c718fd5e71102cf0970ddfed|propext,Classical.choice,Quot.sound
DECL|child|LerayHopf.Scratch195.AubinLionsPackageKappa.mk|ctor|6bc21a5454d43685167ce317209cd1511ced01159ca618cf8801b142dacd35a0|propext,Classical.choice,Quot.sound
DECL|internal|LerayHopf.Scratch195.AubinLionsPackageKappa.mk._flat_ctor|def|6bc21a5454d43685167ce317209cd1511ced01159ca618cf8801b142dacd35a0|propext,Classical.choice,Quot.sound
DECL|child|LerayHopf.Scratch195.AubinLionsPackageKappa.mk.inj|theorem|201eaec4b99860747401ca4fbbd026aaa3e5691abacca62ee5b63971bb6182ad|propext,Classical.choice,Quot.sound
DECL|child|LerayHopf.Scratch195.AubinLionsPackageKappa.mk.injEq|theorem|6000185d7a17d7058d3f274f3506fab35e4fdf37ff632f5555e47157ae0b2a27|propext,Classical.choice,Quot.sound
DECL|child|LerayHopf.Scratch195.AubinLionsPackageKappa.mk.noConfusion|def|92e0be1b7a942f2b9e2eba70f96b4f557b76985ab8c77dce62d18befdb067bdf|propext,Classical.choice,Quot.sound
DECL|child|LerayHopf.Scratch195.AubinLionsPackageKappa.mk.sizeOf_spec|theorem|4e3243ae678ddaea6200d65856a586c882c18503c634eebb5810aaf1e2da94e5|propext,Classical.choice,Quot.sound
DECL|child|LerayHopf.Scratch195.AubinLionsPackageKappa.noConfusion|def|c583b9cc5609d11fd09b59ba4cd3465d8f134369d89f73f79cf3e94f2e16ee5c|propext,Classical.choice,Quot.sound
DECL|child|LerayHopf.Scratch195.AubinLionsPackageKappa.noConfusionType|def|0f7d66aeeebc08e04fc4378ea504fd8878af0702762aa2ee18e2cefbf3c63b2a|propext,Classical.choice,Quot.sound
DECL|surface|LerayHopf.Scratch195.AubinLionsPackageKappa.ofId|def|2feeeb6ac25d5a96c5df1db8bb044d6ebb1918791da7f6521e4d5930b2cb988c|propext,Classical.choice,Quot.sound
DECL|internal|LerayHopf.Scratch195.AubinLionsPackageKappa.ofId._proof_1|theorem|e0750f1235f44cd284dadea0813af253beba4df12272f25ff3bed01dce97a6de|propext,Classical.choice,Quot.sound
DECL|internal|LerayHopf.Scratch195.AubinLionsPackageKappa.ofId._proof_2|theorem|6490cf370cb98b36dde18e0bdbbd99d0bd233cf79efd9baa8b2d6bdb5fbe16b8|propext,Classical.choice,Quot.sound
DECL|internal|LerayHopf.Scratch195.AubinLionsPackageKappa.ofId._proof_3|theorem|d65fa9dd03b1e727fc6ed91f349ef09077e2167bd2f7fbef350fa5c589fd652f|propext,Classical.choice,Quot.sound
DECL|internal|LerayHopf.Scratch195.AubinLionsPackageKappa.ofId._proof_4|theorem|dcb23c7d6368ab067faefccc44b744898542eaf69f566c07dda398546807f44e|propext,Classical.choice,Quot.sound
DECL|internal|LerayHopf.Scratch195.AubinLionsPackageKappa.ofId._proof_5|theorem|b957c97ebfaeea819d02eac88413545506afcc0562b457c557a9a222eb8de26f|propext
DECL|internal|LerayHopf.Scratch195.AubinLionsPackageKappa.ofId._proof_6|theorem|057c10df3b8e1219fa6bb7edf75cc911c8913fd80f009ca0a6b34aee12562241|propext,Classical.choice,Quot.sound
DECL|internal|LerayHopf.Scratch195.AubinLionsPackageKappa.ofId._proof_7|theorem|6aba851b6b69117a9e2d9b59da1fbfd5b45234c683043f8ff714bad2f355bd43|propext,Classical.choice,Quot.sound
DECL|child|LerayHopf.Scratch195.AubinLionsPackageKappa.rec|recursor|a46e5faf090dc319a7c07845cd6bc8b763c768918993a093f3ec78085ab44fbf|propext,Classical.choice,Quot.sound
DECL|child|LerayHopf.Scratch195.AubinLionsPackageKappa.recOn|def|a1a619e9a49cd343b6700e929790bf982d64e6a562a875eafa5d6924fa6a904e|propext,Classical.choice,Quot.sound
DECL|child|LerayHopf.Scratch195.AubinLionsPackageKappa.strong_convergence|theorem|660049fdbf60ff18b36a6c820990b337ebf7bc7827f3275101faa40aa63c8edf|propext,Classical.choice,Quot.sound
DECL|child|LerayHopf.Scratch195.AubinLionsPackageKappa.u|def|922a3d148aa1cedce84fd6e9a6b42cd0643fd64a3a9a8acbc3229fd56078918d|propext,Classical.choice,Quot.sound
DECL|child|LerayHopf.Scratch195.AubinLionsPackageKappa.u_aestronglyMeasurable|theorem|6e14d943dfa07d17cb21ebf8cd4897bfc18c05b6aa992a3d41df70fc5a8e1b7e|propext,Classical.choice,Quot.sound
DECL|child|LerayHopf.Scratch195.AubinLionsPackageKappa.φ|def|4983d32645a83637d3f432bf68cbf22e2fffc9f4927326ad034a45ee8c83e666|propext,Classical.choice,Quot.sound
DECL|child|LerayHopf.Scratch195.AubinLionsPackageKappa.φ_mono|theorem|5a498edcae8ee60e826ed543d764383a5ae8e05dfdd1f0d46f85c8ee1e80a408|propext,Classical.choice,Quot.sound
DECL|surface|LerayHopf.Scratch195.exists_galerkin_modewise_extraction_kappa|theorem|0a58d64714aba3f28927e6b4a7fdf5d8beb178b9739aea468d4b65742aa4c5dd|propext,Classical.choice,Quot.sound
DECL|surface|LerayHopf.Scratch195.exists_galerkin_modewise_extraction_of_reindexed|theorem|bbf944411b3376c9ce5d3bb6813f3b1851a662a275af7cc6d3599345532189ee|propext,Classical.choice,Quot.sound
DECL|surface|LerayHopf.Scratch195.extendReindexedFamily|def|d00fd3173d2f2d07235e5a45f9ee9857acfa02cb83a144e5a76de61d3488cc0c|propext,Classical.choice,Quot.sound
DECL|internal|LerayHopf.Scratch195.extendReindexedFamily._proof_1|theorem|502376250bf1a6ec4839804ec3c39957323b8e0aec1933a6a7c8b8478814d1b7|Classical.choice
DECL|internal|LerayHopf.Scratch195.extendReindexedFamily.eq_1|theorem|b737ed769333bfdb50410cc3a7a618b5353294d7b496958763c5b25d766458e7|propext,Classical.choice,Quot.sound
DECL|surface|LerayHopf.Scratch195.extendReindexedFamily_apply|theorem|b4d172db08c159306c09fbb3070c33ec9ef0c63f9bbfc243308fb9de15b8a4bd|propext,Classical.choice,Quot.sound
DECL|surface|LerayHopf.Scratch195.reindexed_family_second_extraction|theorem|f98afb53fc6384aa4424b0aa3b2c490dc80272d5ec6b3cbd28d1cf8e47592455|propext,Classical.choice,Quot.sound
DECL|child|LerayHopf.galSeq_of_torus.congr_simp|theorem|223e50ffc06602426a8b4e7d2131d5bdf98bb12484f22e30d2393be6c704f33c|propext,Classical.choice,Quot.sound
DECL|internal|LerayHopf.Scratch195.AubinLionsPackageKappa.extract._boxed|codegen|-|-
DECL|internal|LerayHopf.Scratch195.AubinLionsPackageKappa.extract._redArg|codegen|-|-
DECL|internal|LerayHopf.Scratch195.AubinLionsPackageKappa.extract._redArg._lam_0|codegen|-|-
DECL|internal|LerayHopf.Scratch195.AubinLionsPackageKappa.ofId._boxed|codegen|-|-
DECL|internal|LerayHopf.Scratch195.AubinLionsPackageKappa.ofId._redArg|codegen|-|-
DECL|surface|LerayHopf.Scratch195.P2ExitWitness|inductive|8f6740d537cbb8975eb638c412476d28232ef56c33673b737348081aff6bca68|propext,Classical.choice,Quot.sound
DECL|internal|LerayHopf.Scratch195.P2ExitWitness._sizeOf_1|def|57dc68954272742bb7778528f9b371f633cd76e207287d9c4e413f48a60e1eac|propext,Classical.choice,Quot.sound
DECL|internal|LerayHopf.Scratch195.P2ExitWitness._sizeOf_inst|def|cce59352e21671e30d61a699711e9e63e695501e80d5bf2bcb4fc6e758e22e77|propext,Classical.choice,Quot.sound
DECL|child|LerayHopf.Scratch195.P2ExitWitness.alPkg|def|cf84109c230fb0ab240957a4990b105ef4273507a13cdaf54aa1fa7c938f6193|propext,Classical.choice,Quot.sound
DECL|child|LerayHopf.Scratch195.P2ExitWitness.base|def|8c51b54dc95ccc349f49ab0a9084b60109b3240d44085177532e8b486caaf8f9|propext,Classical.choice,Quot.sound
DECL|child|LerayHopf.Scratch195.P2ExitWitness.casesOn|def|1cd6c8887b2be819a57d68695cf50a367ef2ead60d89962786507630b461f120|propext,Classical.choice,Quot.sound
DECL|child|LerayHopf.Scratch195.P2ExitWitness.ctorIdx|def|de4b554b23d81195eca759dc722fed564df9a9537218f6bf48ff6c36293847e3|propext,Classical.choice,Quot.sound
DECL|surface|LerayHopf.Scratch195.P2ExitWitness.effective_strictMono|theorem|4ffd0a3b0da185feb266db99bd14134cb009b8854d4cf8bb24430b33351d97d4|propext,Classical.choice,Quot.sound
DECL|child|LerayHopf.Scratch195.P2ExitWitness.energy_class_pkg|theorem|d99ab64b7bb9771a8de5b6a8970a0609ae121acbb572984e817ba13cd5d546a3|propext,Classical.choice,Quot.sound
DECL|child|LerayHopf.Scratch195.P2ExitWitness.energy_class_v|theorem|671b86c05c40c2aaa8769d4231e67598b1be83d5b5d8ce093e1b994f8d90ea8f|propext,Classical.choice,Quot.sound
DECL|child|LerayHopf.Scratch195.P2ExitWitness.energy_ineq|theorem|79a7d1c2973fb59432d459a05f057fa697f42cbcee338bd131b9ef85b168d88f|propext,Classical.choice,Quot.sound
DECL|child|LerayHopf.Scratch195.P2ExitWitness.initial_trace|theorem|6363ebdf7de2e5d4743120fd89a21c0430b8292379d735cac37fd89e5b52fc62|propext,Classical.choice,Quot.sound
DECL|child|LerayHopf.Scratch195.P2ExitWitness.mk|ctor|cbd8275b6f2351e4d27a53e766f6e355b3565a06fc43c809110211c7c4a38c80|propext,Classical.choice,Quot.sound
DECL|internal|LerayHopf.Scratch195.P2ExitWitness.mk._flat_ctor|def|cbd8275b6f2351e4d27a53e766f6e355b3565a06fc43c809110211c7c4a38c80|propext,Classical.choice,Quot.sound
DECL|child|LerayHopf.Scratch195.P2ExitWitness.mk.inj|theorem|e8fe89c233a52634abcd1c8e780041e6c6e673bc7ec6a9631a40bf48930a1fa3|propext,Classical.choice,Quot.sound
DECL|child|LerayHopf.Scratch195.P2ExitWitness.mk.injEq|theorem|a5bcdee5ae05f5f79a13a011537effab1ca7b55b865a2b4ac09a6fb2b8b21786|propext,Classical.choice,Quot.sound
DECL|child|LerayHopf.Scratch195.P2ExitWitness.mk.noConfusion|def|a396447474df317b32a4e1c023eab53c93077086f457449b7cbe5ddb16009321|propext,Classical.choice,Quot.sound
DECL|child|LerayHopf.Scratch195.P2ExitWitness.mk.sizeOf_spec|theorem|09b353ae6c87229a344a16c640222ac255d4c58d7fe84b45f816d401d2bb5901|propext,Classical.choice,Quot.sound
DECL|child|LerayHopf.Scratch195.P2ExitWitness.noConfusion|def|bf9a3e36c479a8a0f5f624db2b3b5d9af08a7357f77d087858222055a90991e4|propext,Classical.choice,Quot.sound
DECL|child|LerayHopf.Scratch195.P2ExitWitness.noConfusionType|def|880d4fe28b480c24dab03312f209fcfa8e9e834248ef8f543cd2b8adb2836005|propext,Classical.choice,Quot.sound
DECL|child|LerayHopf.Scratch195.P2ExitWitness.pin|theorem|1443a59353b236c3d3defa2ac2a1d7233a1e87aa19c0e8d233aa99f854caa7ce|propext,Classical.choice,Quot.sound
DECL|surface|LerayHopf.Scratch195.P2ExitWitness.pin_base|theorem|cad2a89a0d8fcdd99cc2b2bb21bf79f735a4f3c3384ae8b6ae4b6a7d176e5ef2|propext,Classical.choice,Quot.sound
DECL|child|LerayHopf.Scratch195.P2ExitWitness.rec|recursor|e546dcd82e224958fc6574f39db4647df3c593d4205c1e806ce2393c5199b355|propext,Classical.choice,Quot.sound
DECL|child|LerayHopf.Scratch195.P2ExitWitness.recOn|def|1cd6c8887b2be819a57d68695cf50a367ef2ead60d89962786507630b461f120|propext,Classical.choice,Quot.sound
DECL|child|LerayHopf.Scratch195.P2ExitWitness.transport|theorem|6550fef8c9b8722572fd73256fc8df5f3f69ab14f4945ce0d4b16f3c6eed9ec6|propext,Classical.choice,Quot.sound
DECL|child|LerayHopf.Scratch195.P2ExitWitness.v|def|16ce5cc61395c396bfafe3a5c5c6e205a7e0a08b249ad315ceecc187fe8be8a9|propext,Classical.choice,Quot.sound
DECL|child|LerayHopf.Scratch195.P2ExitWitness.v_ae|theorem|8c87884fb5787d68d14a54f28f42d3c606e44328a09cbd2cbb48c1ee735ca407|propext,Classical.choice,Quot.sound
DECL|surface|LerayHopf.Scratch195.P2ExitWitness.v_aestronglyMeasurable|theorem|0913b25921cad60ced28dd6b9c39d59d95e53a7fa8890d1bb35270f692f25783|propext,Classical.choice,Quot.sound
DECL|child|LerayHopf.Scratch195.P2ExitWitness.weak_eq|theorem|80df3eaf7f496ba74959b6ab6adcd4b382c71b132b104775699132f6a4bf3ded|propext,Classical.choice,Quot.sound
DECL|child|LerayHopf.Scratch195.P2ExitWitness.ρ|def|840bd955e4297f3eb122cebad00f1e3b31ef56d839f69150acaff73195b9dfd1|propext,Classical.choice,Quot.sound
DECL|child|LerayHopf.Scratch195.P2ExitWitness.ρ_mono|theorem|6ece22cdbe5e2098a4e886bf92b1ac8fbea02b46c10522260a8c43ad18cdc93b|propext,Classical.choice,Quot.sound
DECL|surface|LerayHopf.Scratch212.packageShape_effective_le_apply|theorem|44bff1d7b3d7cc200d7ca85d521c141c613c956060ce88ea29387d287405267c|propext,Classical.choice,Quot.sound
DECL|surface|LerayHopf.Scratch212.packageShape_effective_strictMono|theorem|69162b2562f815110b2689beeec6fb2377de693d339ae659330c900226ed57f0|propext,Classical.choice,Quot.sound
DECL|surface|LerayHopf.Scratch212.packageShape_strong_convergence_effective|theorem|9739f1eff958a26f8629ea42607053287d778cdc042ee731c2626a58b8842149|propext,Classical.choice,Quot.sound
DECL|surface|LerayHopf.Scratch212.witnessShape_pin_dependent_family|theorem|4f757eff1ef6e21189b3703818d34807654bd097596bbf97da883b1fb0a0d6e2|propext,Classical.choice,Quot.sound
DECL|surface|LerayHopf.Scratch212.AubinLionsPackage_R3|inductive|70dd98a1f5ff6a2395a50b21dda6511531fb520a489612040cb2e648047520aa|propext,Classical.choice,Quot.sound
DECL|internal|LerayHopf.Scratch212.AubinLionsPackage_R3._sizeOf_1|def|7d2f889d41c75b12094b794a0d27bc795b0830b9e6a94a7ee25f45b4062987ef|propext,Classical.choice,Quot.sound
DECL|internal|LerayHopf.Scratch212.AubinLionsPackage_R3._sizeOf_inst|def|068ae076c0165154be48a530dbdf7e5626a3bcab16a9bf7109992bba2ddfb377|propext,Classical.choice,Quot.sound
DECL|child|LerayHopf.Scratch212.AubinLionsPackage_R3.casesOn|def|e052b5a9fa7cdee749e065657e7b74b4425bcd9a3f020e387019699d70c7f65e|propext,Classical.choice,Quot.sound
DECL|child|LerayHopf.Scratch212.AubinLionsPackage_R3.ctorIdx|def|522a865cdc0384a18b3095873906d90cda89f94c2243db932db59894ae1c773a|propext,Classical.choice,Quot.sound
DECL|surface|LerayHopf.Scratch212.AubinLionsPackage_R3.effective_strictMono|theorem|33862babe56a0a179fb67f2187253a5fcbc72c337b2f80d5866ccd98e4a2b5ef|propext,Classical.choice,Quot.sound
DECL|surface|LerayHopf.Scratch212.AubinLionsPackage_R3.effective_tendsto_atTop|theorem|c5d9a98caa8e09448d48a1080827ef4d854a60787cfe2560c035c1a79ed28c0f|propext,Classical.choice,Quot.sound
DECL|child|LerayHopf.Scratch212.AubinLionsPackage_R3.mk|ctor|1eb4990d56e55bfe6650b4a6e1f1a1779a6dbc683bdceb5658059c3334c61456|propext,Classical.choice,Quot.sound
DECL|internal|LerayHopf.Scratch212.AubinLionsPackage_R3.mk._flat_ctor|def|1eb4990d56e55bfe6650b4a6e1f1a1779a6dbc683bdceb5658059c3334c61456|propext,Classical.choice,Quot.sound
DECL|child|LerayHopf.Scratch212.AubinLionsPackage_R3.mk.inj|theorem|5e6b4c3d6153c1ae5082848b2262d2a54c77c567e42df0417bfb9f463c2edf14|propext,Classical.choice,Quot.sound
DECL|child|LerayHopf.Scratch212.AubinLionsPackage_R3.mk.injEq|theorem|f62255fd475600388203eaa99096d722ff63a8c6a5833fdd0d713e42c217585f|propext,Classical.choice,Quot.sound
DECL|child|LerayHopf.Scratch212.AubinLionsPackage_R3.mk.noConfusion|def|ab2bccee29b01b040fb896ad03f07c93f7a040d03b1fe890dc879151f1bd6ca9|propext,Classical.choice,Quot.sound
DECL|child|LerayHopf.Scratch212.AubinLionsPackage_R3.mk.sizeOf_spec|theorem|46a6720bdab069080d636c229edd31dba4c2c29cbde0b4bd8df2f27782f2703f|propext,Classical.choice,Quot.sound
DECL|child|LerayHopf.Scratch212.AubinLionsPackage_R3.noConfusion|def|5d1b7699ceb2e04c22d8bbde68348203e4ecf15036362dd29066d38ba1ee582f|propext,Classical.choice,Quot.sound
DECL|child|LerayHopf.Scratch212.AubinLionsPackage_R3.noConfusionType|def|982547720cdf80cb50d63a45ddd9acdb78ed7ddf7080a5459d0aaecf2674d786|propext,Classical.choice,Quot.sound
DECL|child|LerayHopf.Scratch212.AubinLionsPackage_R3.rec|recursor|18473d14c5901a41430ec201c9689ef073c93f93602d51912d4a046d817a418f|propext,Classical.choice,Quot.sound
DECL|child|LerayHopf.Scratch212.AubinLionsPackage_R3.recOn|def|e052b5a9fa7cdee749e065657e7b74b4425bcd9a3f020e387019699d70c7f65e|propext,Classical.choice,Quot.sound
DECL|child|LerayHopf.Scratch212.AubinLionsPackage_R3.strong_convergence|theorem|6e925d4ac1423fb977cc87cd4b748a077f2c50bfdab5bda80fb9cbe809873b8c|propext,Classical.choice,Quot.sound
DECL|child|LerayHopf.Scratch212.AubinLionsPackage_R3.strong_convergence_ae|theorem|cab2871da300f611602fd13cd12b40a9eedb2ed094a729b4666bb816711eb5bc|propext,Classical.choice,Quot.sound
DECL|child|LerayHopf.Scratch212.AubinLionsPackage_R3.u|def|4f4bca4e82bd8699dc20f6a940f7f78913c0a8f57b45319960fae93dc8db0d82|propext,Classical.choice,Quot.sound
DECL|child|LerayHopf.Scratch212.AubinLionsPackage_R3.u_aestronglyMeasurable|theorem|d1ad32cd5d0383910b8f1a256e07fce4597b70223e673d788c092b9ecb747f8f|propext,Classical.choice,Quot.sound
DECL|child|LerayHopf.Scratch212.AubinLionsPackage_R3.φ|def|d447b461dc549064cdb6f19b578d44e60658c192578d00b563f2fb0f5e88b551|propext,Classical.choice,Quot.sound
DECL|child|LerayHopf.Scratch212.AubinLionsPackage_R3.φ_mono|theorem|393b4a5b7e2c736410b0399faa6525d169f2323c19da9e2b455d4374a7a88a24|propext,Classical.choice,Quot.sound
DECL|surface|LerayHopf.Scratch212.R3KappaChainExitWitness|inductive|109f29fb4c0c173decbb4e98681601986673f05c8dd380d65edcae65e1cd5a67|propext,Classical.choice,Quot.sound
DECL|internal|LerayHopf.Scratch212.R3KappaChainExitWitness._sizeOf_1|def|8441e1d7516317f29843cb832c7338c502a20115048646f7d0722526aa81708d|propext,Classical.choice,Quot.sound
DECL|internal|LerayHopf.Scratch212.R3KappaChainExitWitness._sizeOf_inst|def|4fa9e503ea86734c99d41cd9745e7b8b384d5f9f776b749a19c878ce810322de|propext,Classical.choice,Quot.sound
DECL|child|LerayHopf.Scratch212.R3KappaChainExitWitness.alPkg|def|167c78c3995d04741a2fab32e1355f8ba91181d8216f8ae0c7bc9b9a317ab4ec|propext,Classical.choice,Quot.sound
DECL|surface|LerayHopf.Scratch212.R3KappaChainExitWitness.alPkg_convergence_dependent_family|theorem|ce7b27fa3330e0141eef55a317ee785f661ae49978100f5d9813290ea17de254|propext,Classical.choice,Quot.sound
DECL|child|LerayHopf.Scratch212.R3KappaChainExitWitness.base|def|10f2dab119f192e0217dfd7aa918722c078213491c56b2cb07957d0fd5b9bd9c|propext,Classical.choice,Quot.sound
DECL|child|LerayHopf.Scratch212.R3KappaChainExitWitness.casesOn|def|3debb284d6108963c189a9d91e82c5368f1017993d00294fece91d672d70ae14|propext,Classical.choice,Quot.sound
DECL|child|LerayHopf.Scratch212.R3KappaChainExitWitness.ctorIdx|def|2f9731b2f2808e931bb31094086dde9a048f26fdaa90b997e8b8ee2029a0a4ff|propext,Classical.choice,Quot.sound
DECL|surface|LerayHopf.Scratch212.R3KappaChainExitWitness.effective_strictMono|theorem|9ed97036aaf4e9178f746618e139d026824476c6aa78a0f9d37e8a881684ea81|propext,Classical.choice,Quot.sound
DECL|child|LerayHopf.Scratch212.R3KappaChainExitWitness.energy_class_pkg|theorem|86a4226bdec6948b08e3b6085d5c3c304952b95f8a6f01efb4d8925b7d43e029|propext,Classical.choice,Quot.sound
DECL|child|LerayHopf.Scratch212.R3KappaChainExitWitness.energy_class_v|theorem|81b2679872918cad1746a7c5629f7e98382f08c7fd9de62d25b59bd3e1e8d054|propext,Classical.choice,Quot.sound
DECL|child|LerayHopf.Scratch212.R3KappaChainExitWitness.energy_ineq|theorem|c6efb1f13eef6461adad5cfd1d24abf3f5a15cceb3ad54e31bb9f2f7a21b1edc|propext,Classical.choice,Quot.sound
DECL|child|LerayHopf.Scratch212.R3KappaChainExitWitness.initial_trace|theorem|e73266bd51ee6afa8aad4aae16589faf1b4b2de4ef6d9344f5beb781ab85ff22|propext,Classical.choice,Quot.sound
DECL|child|LerayHopf.Scratch212.R3KappaChainExitWitness.mk|ctor|4e36be7a0b8c8131dd61476af585d4774494c05cab8773bdd9c8b5736a97d45d|propext,Classical.choice,Quot.sound
DECL|internal|LerayHopf.Scratch212.R3KappaChainExitWitness.mk._flat_ctor|def|4e36be7a0b8c8131dd61476af585d4774494c05cab8773bdd9c8b5736a97d45d|propext,Classical.choice,Quot.sound
DECL|child|LerayHopf.Scratch212.R3KappaChainExitWitness.mk.inj|theorem|3939a3efe7f329efcdc6dd685aa79e1e16328b98854e3e6a4a07dba4e974614d|propext,Classical.choice,Quot.sound
DECL|child|LerayHopf.Scratch212.R3KappaChainExitWitness.mk.injEq|theorem|4a8ba1258d855a78ec8cf2b7e7b6ed7215f70fc922b9c5975dfb64a1a4b5600f|propext,Classical.choice,Quot.sound
DECL|child|LerayHopf.Scratch212.R3KappaChainExitWitness.mk.noConfusion|def|ff5873ac6c6d64e23088d78dd2a9d01b714274e5abcb8fff4367c02f2c1949f5|propext,Classical.choice,Quot.sound
DECL|child|LerayHopf.Scratch212.R3KappaChainExitWitness.mk.sizeOf_spec|theorem|8de34a5b3fcc1205f57a9491027a8bf5a34904ba59b6d422d68589bb68fe0b4d|propext,Classical.choice,Quot.sound
DECL|child|LerayHopf.Scratch212.R3KappaChainExitWitness.noConfusion|def|bd2b41c06db38be9106d4d8a6141ec3997f43f182629259c587f77e16956454e|propext,Classical.choice,Quot.sound
DECL|child|LerayHopf.Scratch212.R3KappaChainExitWitness.noConfusionType|def|7251bbf6f8e93d437851a4c44ab6fa4151463a082269bad9c5eb72da11bcd619|propext,Classical.choice,Quot.sound
DECL|child|LerayHopf.Scratch212.R3KappaChainExitWitness.pin|theorem|e602094306db6edf32976a012246d12592db7c3c4d506c0b433a3a8d59c92f10|propext,Classical.choice,Quot.sound
DECL|surface|LerayHopf.Scratch212.R3KappaChainExitWitness.pin_base|theorem|f38e7a18ab518e63d64e067dfb379edce62e3ea1d6457eb68c2a01667a999700|propext,Classical.choice,Quot.sound
DECL|child|LerayHopf.Scratch212.R3KappaChainExitWitness.rec|recursor|3fb67ebe74bc6aeec9a8f5dbbb3cb65c1180f79e69b9a9df26fc25ee4eba2ddf|propext,Classical.choice,Quot.sound
DECL|child|LerayHopf.Scratch212.R3KappaChainExitWitness.recOn|def|3debb284d6108963c189a9d91e82c5368f1017993d00294fece91d672d70ae14|propext,Classical.choice,Quot.sound
DECL|child|LerayHopf.Scratch212.R3KappaChainExitWitness.transport|theorem|dc81d696489f3017f720439175adf592372221c66f210df87a7cbbbfa38aa2d2|propext,Classical.choice,Quot.sound
DECL|child|LerayHopf.Scratch212.R3KappaChainExitWitness.v|def|6c832874e1e7c6bea6ac7c42c841ca86fedf4ba04bfb43764088405874ea6edd|propext,Classical.choice,Quot.sound
DECL|child|LerayHopf.Scratch212.R3KappaChainExitWitness.v_ae|theorem|9e173a0a4b0fd511fd60e39d960b2ebb219325bb40fb5e75c231eff62542cd6f|propext,Classical.choice,Quot.sound
DECL|child|LerayHopf.Scratch212.R3KappaChainExitWitness.weak_eq|theorem|a0b061a26a885df55a0cc3cd5dd60163b09bbbbe4b8bcc9ed88e2b7956db1a0a|propext,Classical.choice,Quot.sound
DECL|surface|LerayHopf.Scratch212.R3LimitPassagePinConjunct|def|baa5d4a0bea728563c179531c9b2b87726f9dc32ceb21a316e1ab72fd62716e7|propext,Classical.choice,Quot.sound
DECL|internal|LerayHopf.Scratch212.R3LimitPassagePinConjunct._proof_1|theorem|499dbce06db51729b798835c9a8b45771d38438e9f18d68025ffe7e96c5f5b25|propext,Classical.choice,Quot.sound
DECL|internal|LerayHopf.Scratch212.R3LimitPassagePinConjunct._proof_2|theorem|1a56bebc8d2f8b3deb225fdeb73ee29be19d6adc5d201bddc409d3d7b5e756f9|propext,Classical.choice,Quot.sound
DECL|internal|LerayHopf.Scratch212.R3LimitPassagePinConjunct._proof_3|theorem|a8e7a3682d74cf87e1f99211eb6e2e5011d07ee6c32a5f6a514fe90d90a3cb75|propext,Classical.choice,Quot.sound
DECL|internal|LerayHopf.Scratch212.R3LimitPassagePinConjunct._proof_4|theorem|da433e23daa5a43a7bbba6dd86530f25ae5df05e07411fc2ab73e55797312186|propext,Classical.choice,Quot.sound
DECL|internal|LerayHopf.Scratch212.R3LimitPassagePinConjunct._proof_5|theorem|d65fa9dd03b1e727fc6ed91f349ef09077e2167bd2f7fbef350fa5c589fd652f|propext,Classical.choice,Quot.sound
DECL|surface|LerayHopf.Scratch212.R3StrengthenedLimitPassageConclusion|def|865a85eddb03c29be5e18b692525f6e910d283ce661f8b00b0b325bcad69cd45|propext,Classical.choice,Quot.sound
DECL|internal|LerayHopf.Scratch212.R3StrengthenedLimitPassageConclusion._proof_1|theorem|c70d54f9672d7b0f119b0cd9d181774d8447524cb9602a64bc547cf085f20862|propext,Classical.choice,Quot.sound
DECL|internal|LerayHopf.Scratch212.R3StrengthenedLimitPassageConclusion._proof_2|theorem|b957c97ebfaeea819d02eac88413545506afcc0562b457c557a9a222eb8de26f|propext
DECL|surface|LerayHopf.Scratch212.r3LimitPassagePinShape_effective|theorem|15933532e4cee21b9fa8b1451498ee24a723ae0b92fbb0c49385af95d0722d11|propext,Classical.choice,Quot.sound
DECL|surface|LerayHopf.Scratch212.r3PackageShape_effective_le_apply|theorem|57c785bf95dd086c6b18e46bd64c7f812b48d0ec28a7434fccfefec35bac8b5d|propext,Classical.choice,Quot.sound
DECL|surface|LerayHopf.Scratch212.r3PackageShape_strong_convergence_ae_effective|theorem|acb251e4b42361ee85549e68529c9390615b97ddfa0d2625de9e136912fe1b87|propext,Classical.choice,Quot.sound
DECL|surface|LerayHopf.Scratch212.r3PackageShape_strong_convergence_effective|theorem|7540ad5c35fed47c61f925270e664b91eac88abaed44735b6077eff60c1d1b05|propext,Classical.choice,Quot.sound
DECL|surface|LerayHopf.Scratch212.r3PackageShape_u_aestronglyMeasurable|theorem|46cdb900dacb99ac4bad1abcb34f37a8c63f3dafac46fb93946e62532b023c0e|propext,Classical.choice,Quot.sound
DECL|surface|LerayHopf.Scratch212.r3StrengthenedConclusion_projects_pin|theorem|91ac5ec9c9df80a7837f901394ecd25e411dc54299e935a38914458a5ee1e65f|propext,Classical.choice,Quot.sound
DECL|surface|LerayHopf.Scratch212.r3WitnessShape_alPkg_effective_convergence|theorem|1fd8a8da5430d7a84f317d862d5ffc3314821c72f317605cf148e2865382ce9a|propext,Classical.choice,Quot.sound
DECL|surface|LerayHopf.Scratch212.r3WitnessShape_pin_dependent_family|theorem|209f0336b67a39844310f38585faeb4b22c8f01afa96c5d5568af535f21e4162|propext,Classical.choice,Quot.sound
DECL|surface|LerayHopf.Scratch212.r3WitnessShape_transport|theorem|55c5a95c04e602d0aa2422627a9c6d3d2cdb4ef7967413078b2efdd241bdeda2|propext,Classical.choice,Quot.sound
DECL|surface|LerayHopf.Scratch212.L2Sigma_R3_eq_of_forall_inner|theorem|a4b6b7a7d4a58ace2bd1322e29a40e52f5f2ab268e781b8d59d86997d3360bf3|propext,Classical.choice,Quot.sound
DECL|surface|LerayHopf.Scratch212.r3_representative_diag_coherence|theorem|93d561b480b71056c4982b84bef471e568d813232fc35ebb7447fd9fde3df000|propext,Classical.choice,Quot.sound
DECL|surface|LerayHopf.Scratch212.r3_representatives_agree_on_overlap|theorem|c72666632b5fbd014e84fc6a7f307843234b3e5a299e74ac7f52251cf30c7fcf|propext,Classical.choice,Quot.sound
DECL|surface|LerayHopf.Scratch212.diag_ae_subseq_seeded|theorem|e5b495bf76b6cf1e34d990eaeb4cec1a97bb8f7394ef1fee0100a7579c9bbfa4|propext,Classical.choice,Quot.sound
DECL|internal|LerayHopf.Scratch212.diag_ae_subseq_seeded._proof_1_1|theorem|0bad714b80961dded914ba68f6db3c62c2e7641d2ef53609bbe205c4d9d10d50|propext,Quot.sound
DECL|internal|LerayHopf.Scratch212.diag_ae_subseq_seeded._proof_1_2|theorem|4f6126a5709a95672d2524f69ca4a083a2f82c13f566f13e05fb0c3175927d47|propext,Classical.choice,Quot.sound
DECL|internal|LerayHopf.Scratch212.diag_ae_subseq_seeded._proof_1_3|theorem|4af1753a13da10ef46c4baa03288b8a1c9c58e02dc3eba1c0e2ce8c1138c2717|propext,Quot.sound
DECL|surface|LerayHopf.Scratch212.spacetime_extraction_seeded|theorem|9c16ed86c052d7159a5f3a50bb11105d7ceafeee75b4a050442f66602723afca|propext,Classical.choice,Quot.sound
DECL|surface|LerayHopf.Scratch212.AubinLionsPackage_R3.ofProduction|def|fbf5eb1796b50381f68d68f6d964b0c811fbe0ac40e22eaa100ea20d0c90840a|propext,Classical.choice,Quot.sound
DECL|internal|LerayHopf.Scratch212.AubinLionsPackage_R3.ofProduction._proof_1|theorem|499dbce06db51729b798835c9a8b45771d38438e9f18d68025ffe7e96c5f5b25|propext,Classical.choice,Quot.sound
DECL|internal|LerayHopf.Scratch212.AubinLionsPackage_R3.ofProduction._proof_2|theorem|1a56bebc8d2f8b3deb225fdeb73ee29be19d6adc5d201bddc409d3d7b5e756f9|propext,Classical.choice,Quot.sound
DECL|internal|LerayHopf.Scratch212.AubinLionsPackage_R3.ofProduction._proof_3|theorem|a8e7a3682d74cf87e1f99211eb6e2e5011d07ee6c32a5f6a514fe90d90a3cb75|propext,Classical.choice,Quot.sound
DECL|internal|LerayHopf.Scratch212.AubinLionsPackage_R3.ofProduction._proof_4|theorem|da433e23daa5a43a7bbba6dd86530f25ae5df05e07411fc2ab73e55797312186|propext,Classical.choice,Quot.sound
DECL|internal|LerayHopf.Scratch212.AubinLionsPackage_R3.ofProduction._proof_5|theorem|d65fa9dd03b1e727fc6ed91f349ef09077e2167bd2f7fbef350fa5c589fd652f|propext,Classical.choice,Quot.sound
DECL|surface|LerayHopf.Scratch212.AubinLionsPackage_R3.toProduction|def|cf001c9219d0e29363c4127021ebc2af4f9f87364c3e890bee51c20efc20633e|propext,Classical.choice,Quot.sound
DECL|internal|LerayHopf.Scratch212.AubinLionsPackage_R3.toProduction._proof_1|theorem|a49c901c540b0a1259b91f48a02548e1b3f27cb6c2a79996ed071159f59802f9|propext,Classical.choice,Quot.sound
DECL|internal|LerayHopf.Scratch212.AubinLionsPackage_R3.toProduction._proof_2|theorem|bb6f4a969e9d64fa61fd7de73807f151ac28cb76b3893d5b81f1f0771417118e|propext,Classical.choice,Quot.sound
DECL|internal|LerayHopf.Scratch212.AubinLionsPackage_R3.toProduction._proof_3|theorem|b957c97ebfaeea819d02eac88413545506afcc0562b457c557a9a222eb8de26f|propext
DECL|internal|LerayHopf.Scratch212.AubinLionsPackage_R3.toProduction._proof_4|theorem|4e05870c2e87d8ba112bf2ff9b5a0f72f3b9160c771b375212a84cda5352aea5|propext,Classical.choice,Quot.sound
DECL|internal|LerayHopf.Scratch212.AubinLionsPackage_R3.toProduction._proof_5|theorem|c70d54f9672d7b0f119b0cd9d181774d8447524cb9602a64bc547cf085f20862|propext,Classical.choice,Quot.sound
DECL|internal|LerayHopf.Scratch212.AubinLionsPackage_R3.toProduction._proof_6|theorem|a0bc5bb719150632a99f955c734be29b31c051f60124df3b0c7fbd97f2405c38|propext,Classical.choice,Quot.sound
DECL|surface|LerayHopf.Scratch212.diag_ae_subseq_seeded_free_kappa_exact_shape|theorem|e5b495bf76b6cf1e34d990eaeb4cec1a97bb8f7394ef1fee0100a7579c9bbfa4|propext,Classical.choice,Quot.sound
DECL|surface|LerayHopf.Scratch212.diag_ae_subseq_seeded_id_recovers_production|theorem|3b6a17a726ba8d45d7ea58af513c0432ff4554951374fac124c3382f628e5b48|propext,Classical.choice,Quot.sound
DECL|surface|LerayHopf.Scratch212.r3LimitPassagePin_production_source|theorem|57d75ece036686548cd45be82f05c04999355ae2a3c75e084ffe7181baf7a35c|propext,Classical.choice,Quot.sound
DECL|surface|LerayHopf.Scratch212.r3LimitPassage_production_exact_shape|theorem|7fbd47bcbc94f7d646cef5710a4063eae9c0e16dc4899964711f4d2dc6c314c6|propext,Classical.choice,Quot.sound
DECL|surface|LerayHopf.Scratch212.r3Production_diag_ae_subseq_exact_shape|theorem|3b6a17a726ba8d45d7ea58af513c0432ff4554951374fac124c3382f628e5b48|propext,Classical.choice,Quot.sound
DECL|surface|LerayHopf.Scratch212.r3Production_galerkinSpaceTimeExtraction_exact_shape|theorem|7a719daa607eb81ef7a0ff3c7e64b2e15647276b1779bdd86d0afab76d729518|propext,Classical.choice,Quot.sound
DECL|surface|LerayHopf.Scratch212.r3Production_u_lim_aestronglyMeasurable_exact_shape|theorem|7a719daa607eb81ef7a0ff3c7e64b2e15647276b1779bdd86d0afab76d729518|propext,Classical.choice,Quot.sound
DECL|surface|LerayHopf.Scratch212.spacetime_extraction_seeded_free_kappa_exact_shape|theorem|9c16ed86c052d7159a5f3a50bb11105d7ceafeee75b4a050442f66602723afca|propext,Classical.choice,Quot.sound
DECL|surface|LerayHopf.Scratch212.spacetime_extraction_seeded_id_recovers_production|theorem|4982237b69c324aa5c5857b0fab2714179eb7fc56d16fdaa606e59aead638ea2|propext,Classical.choice,Quot.sound
DECL|internal|LerayHopf.Scratch212.AubinLionsPackage_R3.ofProduction._boxed|codegen|-|-
DECL|internal|LerayHopf.Scratch212.AubinLionsPackage_R3.ofProduction._redArg|codegen|-|-
DECL|internal|LerayHopf.Scratch212.AubinLionsPackage_R3.toProduction._boxed|codegen|-|-
DECL|internal|LerayHopf.Scratch212.AubinLionsPackage_R3.toProduction._redArg|codegen|-|-
DEPGUARD|LerayHopf.Scratch212.diag_ae_subseq_seeded_free_kappa_exact_shape|LerayHopf.Scratch212.diag_ae_subseq_seeded|head
DEPGUARD|LerayHopf.Scratch212.spacetime_extraction_seeded_free_kappa_exact_shape|LerayHopf.Scratch212.spacetime_extraction_seeded|head
