DECL|surface|LerayHopf.Scratch195.AubinLionsPackageKappa|inductive|506170854|propext,Classical.choice,Quot.sound
DECL|internal|LerayHopf.Scratch195.AubinLionsPackageKappa._sizeOf_1|def|769239809|propext,Classical.choice,Quot.sound
DECL|internal|LerayHopf.Scratch195.AubinLionsPackageKappa._sizeOf_inst|def|822567919|propext,Classical.choice,Quot.sound
DECL|child|LerayHopf.Scratch195.AubinLionsPackageKappa.casesOn|def|1790256030|propext,Classical.choice,Quot.sound
DECL|child|LerayHopf.Scratch195.AubinLionsPackageKappa.ctorIdx|def|769239809|propext,Classical.choice,Quot.sound
DECL|surface|LerayHopf.Scratch195.AubinLionsPackageKappa.effective_strictMono|theorem|1685325232|propext,Classical.choice,Quot.sound
DECL|surface|LerayHopf.Scratch195.AubinLionsPackageKappa.effective_tendsto_atTop|theorem|2047206645|propext,Classical.choice,Quot.sound
DECL|surface|LerayHopf.Scratch195.AubinLionsPackageKappa.extract|def|2463921416|propext,Classical.choice,Quot.sound
DECL|internal|LerayHopf.Scratch195.AubinLionsPackageKappa.extract._proof_1|theorem|1837643049|propext,Classical.choice,Quot.sound
DECL|internal|LerayHopf.Scratch195.AubinLionsPackageKappa.extract._proof_2|theorem|4200904494|propext,Classical.choice,Quot.sound
DECL|surface|LerayHopf.Scratch195.AubinLionsPackageKappa.extract_effective_strictMono|theorem|2003459148|propext,Classical.choice,Quot.sound
DECL|surface|LerayHopf.Scratch195.AubinLionsPackageKappa.extract_φ|theorem|3714996825|propext,Classical.choice,Quot.sound
DECL|child|LerayHopf.Scratch195.AubinLionsPackageKappa.mk|ctor|3009427184|propext,Classical.choice,Quot.sound
DECL|internal|LerayHopf.Scratch195.AubinLionsPackageKappa.mk._flat_ctor|def|3009427184|propext,Classical.choice,Quot.sound
DECL|child|LerayHopf.Scratch195.AubinLionsPackageKappa.mk.inj|theorem|2216150653|propext,Classical.choice,Quot.sound
DECL|child|LerayHopf.Scratch195.AubinLionsPackageKappa.mk.injEq|theorem|655509540|propext,Classical.choice,Quot.sound
DECL|child|LerayHopf.Scratch195.AubinLionsPackageKappa.mk.noConfusion|def|1431234129|propext,Classical.choice,Quot.sound
DECL|child|LerayHopf.Scratch195.AubinLionsPackageKappa.mk.sizeOf_spec|theorem|4087456152|propext,Classical.choice,Quot.sound
DECL|child|LerayHopf.Scratch195.AubinLionsPackageKappa.noConfusion|def|1637620894|propext,Classical.choice,Quot.sound
DECL|child|LerayHopf.Scratch195.AubinLionsPackageKappa.noConfusionType|def|1861370982|propext,Classical.choice,Quot.sound
DECL|surface|LerayHopf.Scratch195.AubinLionsPackageKappa.ofId|def|4032816546|propext,Classical.choice,Quot.sound
DECL|internal|LerayHopf.Scratch195.AubinLionsPackageKappa.ofId._proof_1|theorem|423022297|propext,Classical.choice,Quot.sound
DECL|internal|LerayHopf.Scratch195.AubinLionsPackageKappa.ofId._proof_2|theorem|3392694436|propext,Classical.choice,Quot.sound
DECL|internal|LerayHopf.Scratch195.AubinLionsPackageKappa.ofId._proof_3|theorem|4100494340|propext,Classical.choice,Quot.sound
DECL|internal|LerayHopf.Scratch195.AubinLionsPackageKappa.ofId._proof_4|theorem|1490184786|propext,Classical.choice,Quot.sound
DECL|internal|LerayHopf.Scratch195.AubinLionsPackageKappa.ofId._proof_5|theorem|2547959801|propext
DECL|internal|LerayHopf.Scratch195.AubinLionsPackageKappa.ofId._proof_6|theorem|473901322|propext,Classical.choice,Quot.sound
DECL|internal|LerayHopf.Scratch195.AubinLionsPackageKappa.ofId._proof_7|theorem|2349737909|propext,Classical.choice,Quot.sound
DECL|child|LerayHopf.Scratch195.AubinLionsPackageKappa.rec|recursor|3121297276|propext,Classical.choice,Quot.sound
DECL|child|LerayHopf.Scratch195.AubinLionsPackageKappa.recOn|def|1790256030|propext,Classical.choice,Quot.sound
DECL|child|LerayHopf.Scratch195.AubinLionsPackageKappa.strong_convergence|theorem|2800100249|propext,Classical.choice,Quot.sound
DECL|child|LerayHopf.Scratch195.AubinLionsPackageKappa.u|def|3376553940|propext,Classical.choice,Quot.sound
DECL|child|LerayHopf.Scratch195.AubinLionsPackageKappa.u_aestronglyMeasurable|theorem|3000320766|propext,Classical.choice,Quot.sound
DECL|child|LerayHopf.Scratch195.AubinLionsPackageKappa.φ|def|845522967|propext,Classical.choice,Quot.sound
DECL|child|LerayHopf.Scratch195.AubinLionsPackageKappa.φ_mono|theorem|3710121151|propext,Classical.choice,Quot.sound
DECL|surface|LerayHopf.Scratch195.exists_galerkin_modewise_extraction_kappa|theorem|3810031359|propext,Classical.choice,Quot.sound
DECL|surface|LerayHopf.Scratch195.exists_galerkin_modewise_extraction_of_reindexed|theorem|4032008842|propext,Classical.choice,Quot.sound
DECL|surface|LerayHopf.Scratch195.extendReindexedFamily|def|1754358178|propext,Classical.choice,Quot.sound
DECL|internal|LerayHopf.Scratch195.extendReindexedFamily._proof_1|theorem|3273601331|Classical.choice
DECL|internal|LerayHopf.Scratch195.extendReindexedFamily.eq_1|theorem|3039988721|propext,Classical.choice,Quot.sound
DECL|surface|LerayHopf.Scratch195.extendReindexedFamily_apply|theorem|4058920039|propext,Classical.choice,Quot.sound
DECL|surface|LerayHopf.Scratch195.reindexed_family_second_extraction|theorem|3259987780|propext,Classical.choice,Quot.sound
DECL|child|LerayHopf.galSeq_of_torus.congr_simp|theorem|2173616109|propext,Classical.choice,Quot.sound
DECL|internal|LerayHopf.Scratch195.AubinLionsPackageKappa.extract._boxed|codegen|-|-
DECL|internal|LerayHopf.Scratch195.AubinLionsPackageKappa.extract._redArg|codegen|-|-
DECL|internal|LerayHopf.Scratch195.AubinLionsPackageKappa.extract._redArg._lam_0|codegen|-|-
DECL|internal|LerayHopf.Scratch195.AubinLionsPackageKappa.ofId._boxed|codegen|-|-
DECL|internal|LerayHopf.Scratch195.AubinLionsPackageKappa.ofId._redArg|codegen|-|-
DECL|surface|LerayHopf.Scratch195.P2ExitWitness|inductive|2490868275|propext,Classical.choice,Quot.sound
DECL|internal|LerayHopf.Scratch195.P2ExitWitness._sizeOf_1|def|1142123008|propext,Classical.choice,Quot.sound
DECL|internal|LerayHopf.Scratch195.P2ExitWitness._sizeOf_inst|def|4179547881|propext,Classical.choice,Quot.sound
DECL|child|LerayHopf.Scratch195.P2ExitWitness.alPkg|def|1602701032|propext,Classical.choice,Quot.sound
DECL|child|LerayHopf.Scratch195.P2ExitWitness.base|def|3670594263|propext,Classical.choice,Quot.sound
DECL|child|LerayHopf.Scratch195.P2ExitWitness.casesOn|def|582182389|propext,Classical.choice,Quot.sound
DECL|child|LerayHopf.Scratch195.P2ExitWitness.ctorIdx|def|1142123008|propext,Classical.choice,Quot.sound
DECL|surface|LerayHopf.Scratch195.P2ExitWitness.effective_strictMono|theorem|679943590|propext,Classical.choice,Quot.sound
DECL|child|LerayHopf.Scratch195.P2ExitWitness.energy_class_pkg|theorem|466140377|propext,Classical.choice,Quot.sound
DECL|child|LerayHopf.Scratch195.P2ExitWitness.energy_class_v|theorem|2741633410|propext,Classical.choice,Quot.sound
DECL|child|LerayHopf.Scratch195.P2ExitWitness.energy_ineq|theorem|898943631|propext,Classical.choice,Quot.sound
DECL|child|LerayHopf.Scratch195.P2ExitWitness.initial_trace|theorem|277244145|propext,Classical.choice,Quot.sound
DECL|child|LerayHopf.Scratch195.P2ExitWitness.mk|ctor|2817191164|propext,Classical.choice,Quot.sound
DECL|internal|LerayHopf.Scratch195.P2ExitWitness.mk._flat_ctor|def|2817191164|propext,Classical.choice,Quot.sound
DECL|child|LerayHopf.Scratch195.P2ExitWitness.mk.inj|theorem|1275148129|propext,Classical.choice,Quot.sound
DECL|child|LerayHopf.Scratch195.P2ExitWitness.mk.injEq|theorem|2225317234|propext,Classical.choice,Quot.sound
DECL|child|LerayHopf.Scratch195.P2ExitWitness.mk.noConfusion|def|1222826036|propext,Classical.choice,Quot.sound
DECL|child|LerayHopf.Scratch195.P2ExitWitness.mk.sizeOf_spec|theorem|1565858888|propext,Classical.choice,Quot.sound
DECL|child|LerayHopf.Scratch195.P2ExitWitness.noConfusion|def|1983480352|propext,Classical.choice,Quot.sound
DECL|child|LerayHopf.Scratch195.P2ExitWitness.noConfusionType|def|3172345299|propext,Classical.choice,Quot.sound
DECL|child|LerayHopf.Scratch195.P2ExitWitness.pin|theorem|3363036300|propext,Classical.choice,Quot.sound
DECL|surface|LerayHopf.Scratch195.P2ExitWitness.pin_base|theorem|1730943974|propext,Classical.choice,Quot.sound
DECL|child|LerayHopf.Scratch195.P2ExitWitness.rec|recursor|170823813|propext,Classical.choice,Quot.sound
DECL|child|LerayHopf.Scratch195.P2ExitWitness.recOn|def|582182389|propext,Classical.choice,Quot.sound
DECL|child|LerayHopf.Scratch195.P2ExitWitness.transport|theorem|3274627270|propext,Classical.choice,Quot.sound
DECL|child|LerayHopf.Scratch195.P2ExitWitness.v|def|3276730904|propext,Classical.choice,Quot.sound
DECL|child|LerayHopf.Scratch195.P2ExitWitness.v_ae|theorem|2836951587|propext,Classical.choice,Quot.sound
DECL|surface|LerayHopf.Scratch195.P2ExitWitness.v_aestronglyMeasurable|theorem|3589910299|propext,Classical.choice,Quot.sound
DECL|child|LerayHopf.Scratch195.P2ExitWitness.weak_eq|theorem|4058657359|propext,Classical.choice,Quot.sound
DECL|child|LerayHopf.Scratch195.P2ExitWitness.ρ|def|3250723061|propext,Classical.choice,Quot.sound
DECL|child|LerayHopf.Scratch195.P2ExitWitness.ρ_mono|theorem|2784995685|propext,Classical.choice,Quot.sound
DECL|surface|LerayHopf.Scratch212.packageShape_effective_le_apply|theorem|4055808862|propext,Classical.choice,Quot.sound
DECL|surface|LerayHopf.Scratch212.packageShape_effective_strictMono|theorem|3883282698|propext,Classical.choice,Quot.sound
DECL|surface|LerayHopf.Scratch212.packageShape_strong_convergence_effective|theorem|2800100249|propext,Classical.choice,Quot.sound
DECL|surface|LerayHopf.Scratch212.witnessShape_pin_dependent_family|theorem|3363036300|propext,Classical.choice,Quot.sound
DECL|surface|LerayHopf.Scratch212.AubinLionsPackage_R3|inductive|3522591666|propext,Classical.choice,Quot.sound
DECL|internal|LerayHopf.Scratch212.AubinLionsPackage_R3._sizeOf_1|def|902234585|propext,Classical.choice,Quot.sound
DECL|internal|LerayHopf.Scratch212.AubinLionsPackage_R3._sizeOf_inst|def|815790599|propext,Classical.choice,Quot.sound
DECL|child|LerayHopf.Scratch212.AubinLionsPackage_R3.casesOn|def|718199183|propext,Classical.choice,Quot.sound
DECL|child|LerayHopf.Scratch212.AubinLionsPackage_R3.ctorIdx|def|902234585|propext,Classical.choice,Quot.sound
DECL|surface|LerayHopf.Scratch212.AubinLionsPackage_R3.effective_strictMono|theorem|3316634244|propext,Classical.choice,Quot.sound
DECL|surface|LerayHopf.Scratch212.AubinLionsPackage_R3.effective_tendsto_atTop|theorem|4235572351|propext,Classical.choice,Quot.sound
DECL|child|LerayHopf.Scratch212.AubinLionsPackage_R3.mk|ctor|3902485350|propext,Classical.choice,Quot.sound
DECL|internal|LerayHopf.Scratch212.AubinLionsPackage_R3.mk._flat_ctor|def|3902485350|propext,Classical.choice,Quot.sound
DECL|child|LerayHopf.Scratch212.AubinLionsPackage_R3.mk.inj|theorem|668139692|propext,Classical.choice,Quot.sound
DECL|child|LerayHopf.Scratch212.AubinLionsPackage_R3.mk.injEq|theorem|1533379265|propext,Classical.choice,Quot.sound
DECL|child|LerayHopf.Scratch212.AubinLionsPackage_R3.mk.noConfusion|def|2648896089|propext,Classical.choice,Quot.sound
DECL|child|LerayHopf.Scratch212.AubinLionsPackage_R3.mk.sizeOf_spec|theorem|305468489|propext,Classical.choice,Quot.sound
DECL|child|LerayHopf.Scratch212.AubinLionsPackage_R3.noConfusion|def|1680924833|propext,Classical.choice,Quot.sound
DECL|child|LerayHopf.Scratch212.AubinLionsPackage_R3.noConfusionType|def|1875077537|propext,Classical.choice,Quot.sound
DECL|child|LerayHopf.Scratch212.AubinLionsPackage_R3.rec|recursor|3941914666|propext,Classical.choice,Quot.sound
DECL|child|LerayHopf.Scratch212.AubinLionsPackage_R3.recOn|def|718199183|propext,Classical.choice,Quot.sound
DECL|child|LerayHopf.Scratch212.AubinLionsPackage_R3.strong_convergence|theorem|179133223|propext,Classical.choice,Quot.sound
DECL|child|LerayHopf.Scratch212.AubinLionsPackage_R3.strong_convergence_ae|theorem|853957442|propext,Classical.choice,Quot.sound
DECL|child|LerayHopf.Scratch212.AubinLionsPackage_R3.u|def|2123370191|propext,Classical.choice,Quot.sound
DECL|child|LerayHopf.Scratch212.AubinLionsPackage_R3.u_aestronglyMeasurable|theorem|4269609186|propext,Classical.choice,Quot.sound
DECL|child|LerayHopf.Scratch212.AubinLionsPackage_R3.φ|def|1149537584|propext,Classical.choice,Quot.sound
DECL|child|LerayHopf.Scratch212.AubinLionsPackage_R3.φ_mono|theorem|2807580874|propext,Classical.choice,Quot.sound
DECL|surface|LerayHopf.Scratch212.R3KappaChainExitWitness|inductive|1883149268|propext,Classical.choice,Quot.sound
DECL|internal|LerayHopf.Scratch212.R3KappaChainExitWitness._sizeOf_1|def|73415423|propext,Classical.choice,Quot.sound
DECL|internal|LerayHopf.Scratch212.R3KappaChainExitWitness._sizeOf_inst|def|2645294580|propext,Classical.choice,Quot.sound
DECL|child|LerayHopf.Scratch212.R3KappaChainExitWitness.alPkg|def|1402658314|propext,Classical.choice,Quot.sound
DECL|surface|LerayHopf.Scratch212.R3KappaChainExitWitness.alPkg_convergence_dependent_family|theorem|419975485|propext,Classical.choice,Quot.sound
DECL|child|LerayHopf.Scratch212.R3KappaChainExitWitness.base|def|2995821691|propext,Classical.choice,Quot.sound
DECL|child|LerayHopf.Scratch212.R3KappaChainExitWitness.casesOn|def|3680178956|propext,Classical.choice,Quot.sound
DECL|child|LerayHopf.Scratch212.R3KappaChainExitWitness.ctorIdx|def|73415423|propext,Classical.choice,Quot.sound
DECL|surface|LerayHopf.Scratch212.R3KappaChainExitWitness.effective_strictMono|theorem|2868488640|propext,Classical.choice,Quot.sound
DECL|child|LerayHopf.Scratch212.R3KappaChainExitWitness.energy_class_pkg|theorem|595350917|propext,Classical.choice,Quot.sound
DECL|child|LerayHopf.Scratch212.R3KappaChainExitWitness.energy_class_v|theorem|3354212936|propext,Classical.choice,Quot.sound
DECL|child|LerayHopf.Scratch212.R3KappaChainExitWitness.energy_ineq|theorem|180292812|propext,Classical.choice,Quot.sound
DECL|child|LerayHopf.Scratch212.R3KappaChainExitWitness.initial_trace|theorem|2320888500|propext,Classical.choice,Quot.sound
DECL|child|LerayHopf.Scratch212.R3KappaChainExitWitness.mk|ctor|541993472|propext,Classical.choice,Quot.sound
DECL|internal|LerayHopf.Scratch212.R3KappaChainExitWitness.mk._flat_ctor|def|541993472|propext,Classical.choice,Quot.sound
DECL|child|LerayHopf.Scratch212.R3KappaChainExitWitness.mk.inj|theorem|3731382871|propext,Classical.choice,Quot.sound
DECL|child|LerayHopf.Scratch212.R3KappaChainExitWitness.mk.injEq|theorem|134658519|propext,Classical.choice,Quot.sound
DECL|child|LerayHopf.Scratch212.R3KappaChainExitWitness.mk.noConfusion|def|1810568746|propext,Classical.choice,Quot.sound
DECL|child|LerayHopf.Scratch212.R3KappaChainExitWitness.mk.sizeOf_spec|theorem|2606867591|propext,Classical.choice,Quot.sound
DECL|child|LerayHopf.Scratch212.R3KappaChainExitWitness.noConfusion|def|4151537418|propext,Classical.choice,Quot.sound
DECL|child|LerayHopf.Scratch212.R3KappaChainExitWitness.noConfusionType|def|913127086|propext,Classical.choice,Quot.sound
DECL|child|LerayHopf.Scratch212.R3KappaChainExitWitness.pin|theorem|2095170742|propext,Classical.choice,Quot.sound
DECL|surface|LerayHopf.Scratch212.R3KappaChainExitWitness.pin_base|theorem|3345305708|propext,Classical.choice,Quot.sound
DECL|child|LerayHopf.Scratch212.R3KappaChainExitWitness.rec|recursor|3257391830|propext,Classical.choice,Quot.sound
DECL|child|LerayHopf.Scratch212.R3KappaChainExitWitness.recOn|def|3680178956|propext,Classical.choice,Quot.sound
DECL|child|LerayHopf.Scratch212.R3KappaChainExitWitness.transport|theorem|1773554019|propext,Classical.choice,Quot.sound
DECL|child|LerayHopf.Scratch212.R3KappaChainExitWitness.v|def|2000469585|propext,Classical.choice,Quot.sound
DECL|child|LerayHopf.Scratch212.R3KappaChainExitWitness.v_ae|theorem|4073790041|propext,Classical.choice,Quot.sound
DECL|child|LerayHopf.Scratch212.R3KappaChainExitWitness.weak_eq|theorem|2965289885|propext,Classical.choice,Quot.sound
DECL|surface|LerayHopf.Scratch212.R3LimitPassagePinConjunct|def|3400363349|propext,Classical.choice,Quot.sound
DECL|internal|LerayHopf.Scratch212.R3LimitPassagePinConjunct._proof_1|theorem|4200192785|propext,Classical.choice,Quot.sound
DECL|internal|LerayHopf.Scratch212.R3LimitPassagePinConjunct._proof_2|theorem|3828532942|propext,Classical.choice,Quot.sound
DECL|internal|LerayHopf.Scratch212.R3LimitPassagePinConjunct._proof_3|theorem|2542866960|propext,Classical.choice,Quot.sound
DECL|internal|LerayHopf.Scratch212.R3LimitPassagePinConjunct._proof_4|theorem|2493527154|propext,Classical.choice,Quot.sound
DECL|internal|LerayHopf.Scratch212.R3LimitPassagePinConjunct._proof_5|theorem|4100494340|propext,Classical.choice,Quot.sound
DECL|surface|LerayHopf.Scratch212.R3StrengthenedLimitPassageConclusion|def|1059278700|propext,Classical.choice,Quot.sound
DECL|internal|LerayHopf.Scratch212.R3StrengthenedLimitPassageConclusion._proof_1|theorem|1326021428|propext,Classical.choice,Quot.sound
DECL|internal|LerayHopf.Scratch212.R3StrengthenedLimitPassageConclusion._proof_2|theorem|2547959801|propext
DECL|surface|LerayHopf.Scratch212.r3LimitPassagePinShape_effective|theorem|2946075751|propext,Classical.choice,Quot.sound
DECL|surface|LerayHopf.Scratch212.r3PackageShape_effective_le_apply|theorem|4051082887|propext,Classical.choice,Quot.sound
DECL|surface|LerayHopf.Scratch212.r3PackageShape_strong_convergence_ae_effective|theorem|853957442|propext,Classical.choice,Quot.sound
DECL|surface|LerayHopf.Scratch212.r3PackageShape_strong_convergence_effective|theorem|179133223|propext,Classical.choice,Quot.sound
DECL|surface|LerayHopf.Scratch212.r3PackageShape_u_aestronglyMeasurable|theorem|4269609186|propext,Classical.choice,Quot.sound
DECL|surface|LerayHopf.Scratch212.r3StrengthenedConclusion_projects_pin|theorem|2589882033|propext,Classical.choice,Quot.sound
DECL|surface|LerayHopf.Scratch212.r3WitnessShape_alPkg_effective_convergence|theorem|3846241198|propext,Classical.choice,Quot.sound
DECL|surface|LerayHopf.Scratch212.r3WitnessShape_pin_dependent_family|theorem|2095170742|propext,Classical.choice,Quot.sound
DECL|surface|LerayHopf.Scratch212.r3WitnessShape_transport|theorem|1773554019|propext,Classical.choice,Quot.sound
DECL|surface|LerayHopf.Scratch212.L2Sigma_R3_eq_of_forall_inner|theorem|618327854|propext,Classical.choice,Quot.sound
DECL|surface|LerayHopf.Scratch212.r3_representative_diag_coherence|theorem|1481582222|propext,Classical.choice,Quot.sound
DECL|surface|LerayHopf.Scratch212.r3_representatives_agree_on_overlap|theorem|2116261490|propext,Classical.choice,Quot.sound
DECL|surface|LerayHopf.Scratch212.diag_ae_subseq_seeded|theorem|2419628125|propext,Classical.choice,Quot.sound
DECL|internal|LerayHopf.Scratch212.diag_ae_subseq_seeded._proof_1_1|theorem|2324795749|propext,Quot.sound
DECL|internal|LerayHopf.Scratch212.diag_ae_subseq_seeded._proof_1_2|theorem|3414369550|propext,Classical.choice,Quot.sound
DECL|internal|LerayHopf.Scratch212.diag_ae_subseq_seeded._proof_1_3|theorem|363455035|propext,Quot.sound
DECL|surface|LerayHopf.Scratch212.spacetime_extraction_seeded|theorem|1204158841|propext,Classical.choice,Quot.sound
DECL|surface|LerayHopf.Scratch212.AubinLionsPackage_R3.ofProduction|def|2215278215|propext,Classical.choice,Quot.sound
DECL|internal|LerayHopf.Scratch212.AubinLionsPackage_R3.ofProduction._proof_1|theorem|4200192785|propext,Classical.choice,Quot.sound
DECL|internal|LerayHopf.Scratch212.AubinLionsPackage_R3.ofProduction._proof_2|theorem|3828532942|propext,Classical.choice,Quot.sound
DECL|internal|LerayHopf.Scratch212.AubinLionsPackage_R3.ofProduction._proof_3|theorem|2542866960|propext,Classical.choice,Quot.sound
DECL|internal|LerayHopf.Scratch212.AubinLionsPackage_R3.ofProduction._proof_4|theorem|2493527154|propext,Classical.choice,Quot.sound
DECL|internal|LerayHopf.Scratch212.AubinLionsPackage_R3.ofProduction._proof_5|theorem|4100494340|propext,Classical.choice,Quot.sound
DECL|surface|LerayHopf.Scratch212.AubinLionsPackage_R3.toProduction|def|2042968933|propext,Classical.choice,Quot.sound
DECL|internal|LerayHopf.Scratch212.AubinLionsPackage_R3.toProduction._proof_1|theorem|3735066725|propext,Classical.choice,Quot.sound
DECL|internal|LerayHopf.Scratch212.AubinLionsPackage_R3.toProduction._proof_2|theorem|3458021980|propext,Classical.choice,Quot.sound
DECL|internal|LerayHopf.Scratch212.AubinLionsPackage_R3.toProduction._proof_3|theorem|2547959801|propext
DECL|internal|LerayHopf.Scratch212.AubinLionsPackage_R3.toProduction._proof_4|theorem|4131973328|propext,Classical.choice,Quot.sound
DECL|internal|LerayHopf.Scratch212.AubinLionsPackage_R3.toProduction._proof_5|theorem|1326021428|propext,Classical.choice,Quot.sound
DECL|internal|LerayHopf.Scratch212.AubinLionsPackage_R3.toProduction._proof_6|theorem|1663961573|propext,Classical.choice,Quot.sound
DECL|surface|LerayHopf.Scratch212.diag_ae_subseq_seeded_free_kappa_exact_shape|theorem|2419628125|propext,Classical.choice,Quot.sound
DECL|surface|LerayHopf.Scratch212.diag_ae_subseq_seeded_id_recovers_production|theorem|2147091668|propext,Classical.choice,Quot.sound
DECL|surface|LerayHopf.Scratch212.r3LimitPassagePin_production_source|theorem|373214112|propext,Classical.choice,Quot.sound
DECL|surface|LerayHopf.Scratch212.r3LimitPassage_production_exact_shape|theorem|2570107957|propext,Classical.choice,Quot.sound
DECL|surface|LerayHopf.Scratch212.r3Production_diag_ae_subseq_exact_shape|theorem|2147091668|propext,Classical.choice,Quot.sound
DECL|surface|LerayHopf.Scratch212.r3Production_galerkinSpaceTimeExtraction_exact_shape|theorem|3917583019|propext,Classical.choice,Quot.sound
DECL|surface|LerayHopf.Scratch212.r3Production_u_lim_aestronglyMeasurable_exact_shape|theorem|3917583019|propext,Classical.choice,Quot.sound
DECL|surface|LerayHopf.Scratch212.spacetime_extraction_seeded_free_kappa_exact_shape|theorem|1204158841|propext,Classical.choice,Quot.sound
DECL|surface|LerayHopf.Scratch212.spacetime_extraction_seeded_id_recovers_production|theorem|2750547554|propext,Classical.choice,Quot.sound
DECL|internal|LerayHopf.Scratch212.AubinLionsPackage_R3.ofProduction._boxed|codegen|-|-
DECL|internal|LerayHopf.Scratch212.AubinLionsPackage_R3.ofProduction._redArg|codegen|-|-
DECL|internal|LerayHopf.Scratch212.AubinLionsPackage_R3.toProduction._boxed|codegen|-|-
DECL|internal|LerayHopf.Scratch212.AubinLionsPackage_R3.toProduction._redArg|codegen|-|-
DEPGUARD|LerayHopf.Scratch212.diag_ae_subseq_seeded_free_kappa_exact_shape|LerayHopf.Scratch212.diag_ae_subseq_seeded|direct
DEPGUARD|LerayHopf.Scratch212.spacetime_extraction_seeded_free_kappa_exact_shape|LerayHopf.Scratch212.spacetime_extraction_seeded|direct
